Archive member included to satisfy reference by file (symbol)

./libs\libpluto_0.3.a(startup_stm32f30x_md_gcc.o)
                              (Reset_Handler)
./libs\libpluto_0.3.a(system_stm32f30x.o)
                              ./libs\libpluto_0.3.a(startup_stm32f30x_md_gcc.o) (SystemInit)
./libs\libpluto_0.3.a(main.o)
                              ./libs\libpluto_0.3.a(startup_stm32f30x_md_gcc.o) (main)
./libs\libpluto_0.3.a(mw.o)   main.o (symbol from plugin) (loop)
./libs\libpluto_0.3.a(altitudehold.o)
                              mw.o (symbol from plugin) (applyAltHold)
./libs\libpluto_0.3.a(failsafe.o)
                              main.o (symbol from plugin) (failsafeInit)
./libs\libpluto_0.3.a(pid.o)  mw.o (symbol from plugin) (pidResetErrorAngle)
./libs\libpluto_0.3.a(imu.o)  main.o (symbol from plugin) (imuInit)
./libs\libpluto_0.3.a(mixer.o)
                              main.o (symbol from plugin) (mixerInit)
./libs\libpluto_0.3.a(filter.o)
                              mw.o (symbol from plugin) (filterApplyPt1)
./libs\libpluto_0.3.a(system.o)
                              main.o (symbol from plugin) (micros)
./libs\libpluto_0.3.a(beeper.o)
                              mw.o (symbol from plugin) (beeperSilence)
./libs\libpluto_0.3.a(rc_controls.o)
                              mw.o (symbol from plugin) (isUsingSticksForArming)
./libs\libpluto_0.3.a(rc_curves.o)
                              rc_controls.o (symbol from plugin) (generatePitchRollCurve)
./libs\libpluto_0.3.a(serial.o)
                              mw.o (symbol from plugin) (findNextSharedSerialPort)
./libs\libpluto_0.3.a(serial_cli.o)
                              mw.o (symbol from plugin) (cliMode)
./libs\libpluto_0.3.a(serial_msp.o)
                              mw.o (symbol from plugin) (mspReleasePortIfAllocated)
./libs\libpluto_0.3.a(statusindicator.o)
                              beeper.o (symbol from plugin) (warningLedEnable)
./libs\libpluto_0.3.a(rx.o)   main.o (symbol from plugin) (rxInit)
./libs\libpluto_0.3.a(pwm.o)  rx.o (symbol from plugin) (rxPwmInit)
./libs\libpluto_0.3.a(msp.o)  serial_msp.o (symbol from plugin) (rxMspFrameReceive)
./libs\libpluto_0.3.a(sbus.o)
                              rx.o (symbol from plugin) (sbusInit)
./libs\libpluto_0.3.a(sumd.o)
                              rx.o (symbol from plugin) (sumdInit)
./libs\libpluto_0.3.a(sumh.o)
                              rx.o (symbol from plugin) (sumhInit)
./libs\libpluto_0.3.a(spektrum.o)
                              rx.o (symbol from plugin) (spektrumInit)
./libs\libpluto_0.3.a(xbus.o)
                              rx.o (symbol from plugin) (xBusInit)
./libs\libpluto_0.3.a(acceleration.o)
                              main.o (symbol from plugin) (accSetCalibrationCycles)
./libs\libpluto_0.3.a(battery.o)
                              mw.o (symbol from plugin) (updateBattery)
./libs\libpluto_0.3.a(boardalignment.o)
                              main.o (symbol from plugin) (initBoardAlignment)
./libs\libpluto_0.3.a(compass.o)
                              main.o (symbol from plugin) (compassInit)
./libs\libpluto_0.3.a(gyro.o)
                              main.o (symbol from plugin) (gyroSetCalibrationCycles)
./libs\libpluto_0.3.a(initialisation.o)
                              main.o (symbol from plugin) (sensorsAutodetectmpu)
./libs\libpluto_0.3.a(stm32f30x_rcc.o)
                              system.o (symbol from plugin) (RCC_GetClocksFreq)
./libs\libpluto_0.3.a(stm32f30x_misc.o)
                              system.o (symbol from plugin) (NVIC_PriorityGroupConfig)
./libs\libpluto_0.3.a(acrobats.o)
                              mw.o (symbol from plugin) (flip)
./libs\libpluto_0.3.a(opticflow_cheerson_cxof.o)
                              main.o (symbol from plugin) (initOpticFlow())
./libs\libpluto_0.3.a(posControl.o)
                              mw.o (symbol from plugin) (getrcDataRoll)
./libs\libpluto_0.3.a(posEstimate.o)
                              main.o (symbol from plugin) (updatePosGains)
./libs\libpluto_0.3.a(opticflow.o)
                              posControl.o (symbol from plugin) (accel_hf_prev)
./libs\libpluto_0.3.a(command.o)
                              mw.o (symbol from plugin) (executeCommand())
./libs\libpluto_0.3.a(localisationCommand.o)
                              mw.o (symbol from plugin) (command_jump(short))
./libs\libpluto_0.3.a(Peripheral.o)
                              main.o (symbol from plugin) (GPIO_P::init(unibus, GPIO_Mode_e))
./libs\libpluto_0.3.a(XRanging.o)
                              main.o (symbol from plugin) (xRangingInit)
./libs\libpluto_0.3.a(Control.o)
                              command.o (symbol from plugin) (DesiredPosition_P::setRelative(axis_e, long))
./libs\libpluto_0.3.a(Estimate.o)
                              obj/PLUTO12/src/main/PlutoPilot.o (symbol from plugin) (Velocity_P::get(axis_e))
./libs\libpluto_0.3.a(Utils.o)
[...]
Memory Configuration

Name             Origin             Length             Attributes
FLASH            0x08000000         0x0001f800         xr
RAM              0x20000000         0x0000a000         xrw
MEMORY_B1        0x60000000         0x00000000         xr
*default*        0x00000000         0xffffffff

Linker script and memory map

LOAD obj/PLUTO12/src/main/PlutoPilot.o
LOAD C:\Users\shrey\AppData\Local\Temp\cc3d6Zma.ltrans0.ltrans.o
LOAD C:\Users\shrey\AppData\Local\Temp\cc3d6Zma.ltrans1.ltrans.o
LOAD C:\Users\shrey\AppData\Local\Temp\cc3d6Zma.ltrans2.ltrans.o
LOAD C:\Users\shrey\AppData\Local\Temp\cc3d6Zma.ltrans3.ltrans.o
LOAD C:\Users\shrey\AppData\Local\Temp\cc3d6Zma.ltrans4.ltrans.o
LOAD C:\Users\shrey\AppData\Local\Temp\cc3d6Zma.ltrans5.ltrans.o
LOAD C:\Users\shrey\AppData\Local\Temp\cc3d6Zma.ltrans6.ltrans.o
LOAD C:\Users\shrey\AppData\Local\Temp\cc3d6Zma.ltrans7.ltrans.o
LOAD C:\Users\shrey\AppData\Local\Temp\cc3d6Zma.ltrans8.ltrans.o
LOAD C:\Users\shrey\AppData\Local\Temp\cc3d6Zma.ltrans9.ltrans.o
LOAD C:\Users\shrey\AppData\Local\Temp\cc3d6Zma.ltrans10.ltrans.o
LOAD C:\Users\shrey\AppData\Local\Temp\cc3d6Zma.ltrans11.ltrans.o
LOAD C:\Users\shrey\AppData\Local\Temp\cc3d6Zma.ltrans12.ltrans.o
LOAD C:\Users\shrey\AppData\Local\Temp\cc3d6Zma.ltrans13.ltrans.o
LOAD C:\Users\shrey\AppData\Local\Temp\cc3d6Zma.ltrans14.ltrans.o
LOAD C:\Users\shrey\AppData\Local\Temp\cc3d6Zma.ltrans15.ltrans.o
LOAD C:\Users\shrey\AppData\Local\Temp\cc3d6Zma.ltrans16.ltrans.o
LOAD C:\Users\shrey\AppData\Local\Temp\cc3d6Zma.ltrans17.ltrans.o
LOAD C:\Users\shrey\AppData\Local\Temp\cc3d6Zma.ltrans18.ltrans.o
LOAD C:\Users\shrey\AppData\Local\Temp\cc3d6Zma.ltrans19.ltrans.o
LOAD c:/users/shrey/downloads/cygnus-deneb-2-2-0-win/cygnus-deneb-2-2-0-win/cygnus/tools/toolchain/gcc-arm/bin/../lib/gcc/arm-none-eabi/6.3.1/../../../../arm-none-eabi/lib/thumb/v7e-m/fpv4-sp/hard\libnosys.a
LOAD ./libs\libpluto_0.3.a
LOAD c:/users/shrey/downloads/cygnus-deneb-2-2-0-win/cygnus-deneb-2-2-0-win/cygnus/tools/toolchain/gcc-arm/bin/../lib/gcc/arm-none-eabi/6.3.1/../../../../arm-none-eabi/lib/thumb/v7e-m/fpv4-sp/hard\libstdc++.a
LOAD c:/users/shrey/downloads/cygnus-deneb-2-2-0-win/cygnus-deneb-2-2-0-win/cygnus/tools/toolchain/gcc-arm/bin/../lib/gcc/arm-none-eabi/6.3.1/../../../../arm-none-eabi/lib/thumb/v7e-m/fpv4-sp/hard\libm.a
LOAD c:/users/shrey/downloads/cygnus-deneb-2-2-0-win/cygnus-deneb-2-2-0-win/cygnus/tools/toolchain/gcc-arm/bin/../lib/gcc/arm-none-eabi/6.3.1/../../../../arm-none-eabi/lib/thumb/v7e-m/fpv4-sp/hard\libc.a
START GROUP
LOAD c:/users/shrey/downloads/cygnus-deneb-2-2-0-win/cygnus-deneb-2-2-0-win/cygnus/tools/toolchain/gcc-arm/bin/../lib/gcc/arm-none-eabi/6.3.1/thumb/v7e-m/fpv4-sp/hard\libgcc.a
LOAD c:/users/shrey/downloads/cygnus-deneb-2-2-0-win/cygnus-deneb-2-2-0-win/cygnus/tools/toolchain/gcc-arm/bin/../lib/gcc/arm-none-eabi/6.3.1/../../../../arm-none-eabi/lib/thumb/v7e-m/fpv4-sp/hard\libg.a
LOAD c:/users/shrey/downloads/cygnus-deneb-2-2-0-win/cygnus-deneb-2-2-0-win/cygnus/tools/toolchain/gcc-arm/bin/../lib/gcc/arm-none-eabi/6.3.1/../../../../arm-none-eabi/lib/thumb/v7e-m/fpv4-sp/hard\libc.a
END GROUP
START GROUP
LOAD c:/users/shrey/downloads/cygnus-deneb-2-2-0-win/cygnus-deneb-2-2-0-win/cygnus/tools/toolchain/gcc-arm/bin/../lib/gcc/arm-none-eabi/6.3.1/thumb/v7e-m/fpv4-sp/hard\libgcc.a
LOAD c:/users/shrey/downloads/cygnus-deneb-2-2-0-win/cygnus-deneb-2-2-0-win/cygnus/tools/toolchain/gcc-arm/bin/../lib/gcc/arm-none-eabi/6.3.1/../../../../arm-none-eabi/lib/thumb/v7e-m/fpv4-sp/hard\libc.a
LOAD c:/users/shrey/downloads/cygnus-deneb-2-2-0-win/cygnus-deneb-2-2-0-win/cygnus/tools/toolchain/gcc-arm/bin/../lib/gcc/arm-none-eabi/6.3.1/../../../../arm-none-eabi/lib/thumb/v7e-m/fpv4-sp/hard\libnosys.a
END GROUP
                0x2000a000                _estack = (ORIGIN (RAM) + LENGTH (RAM))
                0x00000000                _Min_Heap_Size = 0x0
                0x00000400                _Min_Stack_Size = 0x400

.isr_vector     0x08000000      0x188
                0x08000000                . = ALIGN (0x4)
                [!provide]                PROVIDE (isr_vector_table_base, .)
 *(.isr_vector)
 .isr_vector    0x08000000      0x188 ./libs\libpluto_0.3.a(startup_stm32f30x_md_gcc.o)
                0x08000000                g_pfnVectors
                0x08000188                . = ALIGN (0x4)

.text           0x080001c0    0x122e8
                0x080001c0                . = ALIGN (0x4)
 *(.text)
 .text          0x080001c0     0x16a4 C:\Users\shrey\AppData\Local\Temp\cc3d6Zma.ltrans1.ltrans.o
                0x080001c0                init()
 .text          0x08001864     0x1098 C:\Users\shrey\AppData\Local\Temp\cc3d6Zma.ltrans3.ltrans.o
                0x08001864                processRx()
 .text          0x080028fc      0xbd0 C:\Users\shrey\AppData\Local\Temp\cc3d6Zma.ltrans4.ltrans.o
                0x080028fc                headSerialResponse(unsigned char, unsigned char) [clone .lto_priv.154]
                0x0800293c                headSerialReply(unsigned char) [clone .lto_priv.180]
                0x08002942                read32() [clone .lto_priv.183]
                0x08002954                processOutCommand(unsigned char) [clone .lto_priv.264]
 .text          0x080034cc      0x988 C:\Users\shrey\AppData\Local\Temp\cc3d6Zma.ltrans5.ltrans.o
                0x08003536                perform_ref_signal_measurement
                0x08003c34                set_ref_spad_map
                0x08003c50                VL53L0X_GetSequenceStepEnables
                0x08003c88                VL53L0X_GetDeviceParameters
                0x08003e3c                LaserSensor::setAddress(unsigned char)
 .text          0x08003e54      0xca8 C:\Users\shrey\AppData\Local\Temp\cc3d6Zma.ltrans6.ltrans.o
                0x08003e6c                read8() [clone .lto_priv.181]
                0x08003e80                read16() [clone .lto_priv.182]
                0x08003e94                serialize8(unsigned char) [clone .lto_priv.190]
                0x08003eb8                serialize16(unsigned short) [clone .lto_priv.191]
                0x08003eca                serialize32(unsigned long) [clone .lto_priv.192]
                0x08003edc                serialize8Debug
                0x08003eec                openSerialPort
                0x08003f64                findNextSerialPortConfig
                0x08003fa8                findSerialPortConfig
                0x08003fb4                generateThrottleCurve
                0x08004034                generatePitchRollCurve
                0x0800406c                isRangeActive(unsigned char, channelRange_s*) [clone .part.1]
                0x080040b4                beeperSilence
                0x080040c8                beeper
                0x08004114                beeperConfirmationBeeps
                0x0800414c                micros
                0x08004184                delay
                0x080041a2                failureMode
                0x08004260                SysTick_Handler
                0x08004270                EXTI3_IRQHandler
                0x08004274                EXTI15_10_IRQHandler
                0x08004278                filterApplyPt1
                0x080042d0                writeMotors
                0x0800437c                drift_correction(float)
                0x08004a38                normalize()
 .text          0x08004afc      0xa88 C:\Users\shrey\AppData\Local\Temp\cc3d6Zma.ltrans7.ltrans.o
                0x08004afc                debugPrint(char const*, double, unsigned char) [clone .constprop.149]
                0x08004da0                NVIC_Init.part.0.constprop.137
                0x08004ddc                VL53L0X_calc_timeout_mclks.constprop.128
                0x08004e04                get_next_good_spad.constprop.119
                0x08004e50                enable_ref_spads.constprop.117
                0x08004f0c                timerConfigure.constprop.97
                0x08004f64                spektrumInit.constprop.86
                0x08004fe4                useRcControlsConfig.constprop.46
                0x08005024                resetSerialConfig(serialConfig_s*) [clone .constprop.45]
                0x08005084                FLASH_WaitForLastOperation.constprop.40
                0x080050a8                headSerialError(unsigned char) [clone .constprop.28]
                0x080050b0                calculateThrottleStatus.constprop.23
                0x080050e4                reset(bool) [clone .constprop.10]
                0x08005148                updateCompass.constprop.6
                0x080052e8                VL53L0X_RdDWord
                0x0800530c                VL53L0X_RdWord
                0x08005338                VL53L0X_RdByte
                0x08005352                VL53L0X_UpdateByte
                0x0800538e                VL53L0X_WrWord
                0x080053b6                VL53L0X_WrByte
                0x080053cc                VL53L0X_ref_calibration_io.constprop.131
                0x0800546a                VL53L0X_ClearInterruptMask.constprop.130
                0x080054c2                VL53L0X_set_measurement_timing_budget_micro_seconds
 .text          0x08005584      0xbe8 C:\Users\shrey\AppData\Local\Temp\cc3d6Zma.ltrans8.ltrans.o
                0x08005584                xBusReadRawRC(rxRuntimeConfig_s*, unsigned char) [clone .lto_priv.290]
                0x08005598                xBusDataReceive(unsigned short) [clone .lto_priv.291]
                0x08005650                flip.part.0
                0x080059ec                RCC_ADCCLKConfig
                0x08005a0c                RCC_GetClocksFreq
                0x08005cf4                alignSensors
                0x08005e2c                batteryAdcToVoltage
                0x08005e5c                updateBatteryVoltage() [clone .lto_priv.265]
                0x08006060                performInflightAccelerationCalibration(rollAndPitchTrims_t*)
 .text          0x0800616c      0xfd0 C:\Users\shrey\AppData\Local\Temp\cc3d6Zma.ltrans9.ltrans.o
                0x08006cd0                renorm(float const*, float*)
                0x08006d84                dcmFromEuler(float, float, float)
                0x08006e48                imuCalculateAcceleration(unsigned long)
                0x080070f4                pidSetController
 .text          0x0800713c      0xde4 C:\Users\shrey\AppData\Local\Temp\cc3d6Zma.ltrans10.ltrans.o
                0x0800713c                pidMultiWii23(pidProfile_s*, controlRateConfig_s*, unsigned short, rollAndPitchTrims_t*, rxConfig_s*) [clone .lto_priv.201]
                0x08007400                pidMultiWii(pidProfile_s*, controlRateConfig_s*, unsigned short, rollAndPitchTrims_t*, rxConfig_s*) [clone .lto_priv.199]
                0x0800768c                pidLuxFloat(pidProfile_s*, controlRateConfig_s*, unsigned short, rollAndPitchTrims_t*, rxConfig_s*) [clone .lto_priv.200]
                0x080079dc                pidResetErrorGyro
                0x080079fc                pidResetErrorAngle
                0x08007a18                failsafeOnLowBattery
                0x08007a2c                updateGains
                0x08007a7c                apmCalculateEstimatedAltitude
 .text          0x08007f20      0xcb4 C:\Users\shrey\AppData\Local\Temp\cc3d6Zma.ltrans11.ltrans.o
                0x08007f20                ms5611_calculate(long*, long*, unsigned long, unsigned long) [clone .lto_priv.305]
                0x080080c0                ms5611_start_up() [clone .lto_priv.303]
                0x080080ca                ms5611_start_ut() [clone .lto_priv.301]
                0x080080fc                ms5611_get_up() [clone .lto_priv.304]
                0x080080fe                ms5611_get_ut() [clone .lto_priv.302]
                0x08008100                activateControlRateConfig()
                0x08008148                isEEPROMContentValid() [clone .lto_priv.155]
                0x08008194                readEEPROM
                0x08008414                resetConf() [clone .lto_priv.184]
                0x080088c8                apmBaroCalibrationRead()
                0x08008920                apmBaroUpdate
                0x08008a18                configTimeBase
                0x08008ab4                lookupTimerIndex(TIM_TypeDef const*) [clone .lto_priv.196]
                0x08008b0c                timerChConfigCallbacks
                0x08008bbc                USART2_IRQHandler
                0x08008bc8                USART1_IRQHandler
 .text          0x08008bd4      0x86c C:\Users\shrey\AppData\Local\Temp\cc3d6Zma.ltrans12.ltrans.o
                0x08008bd4                pwmOverflowCallback(timerOvrHandlerRec_s*, unsigned short) [clone .lto_priv.270]
                0x08008bfc                ppmEdgeCallback(timerCCHandlerRec_s*, unsigned short) [clone .lto_priv.271]
                0x08008cd4                ppmOverflowCallback(timerOvrHandlerRec_s*, unsigned short) [clone .lto_priv.272]
                0x08008ce4                pwmWriteStandard(unsigned char, unsigned short) [clone .lto_priv.267]
                0x08008cf8                pwmWriteBrushed(unsigned char, unsigned short) [clone .lto_priv.268]
                0x08008d1c                ak8963Read
                0x08008de0                ak8963Init
                0x08008ecc                uartReconfigure.lto_priv.170
                0x08008ff0                pwmICConfig(TIM_TypeDef*, unsigned char, unsigned short)
                0x080090f8                pwmEdgeCallback(timerCCHandlerRec_s*, unsigned short) [clone .lto_priv.269]
                0x08009150                ledOperator
                0x080091c0                gpioInit
                0x08009214                pwmOutConfig
 .text          0x08009440      0xa84 C:\Users\shrey\AppData\Local\Temp\cc3d6Zma.ltrans13.ltrans.o
                0x08009440                spektrumReadRawRC.lto_priv.151
                0x08009468                sumhReadRawRC.lto_priv.283
                0x08009480                sumdReadRawRC.lto_priv.281
                0x08009494                sbusReadRawRC.lto_priv.279
                0x080094c8                rxMspReadRawRC.lto_priv.292
                0x080094d8                ppmReadRawRC.lto_priv.294
                0x080094e4                pwmReadRawRC.lto_priv.293
                0x080094f0                nullReadRawRC(rxRuntimeConfig_s*, unsigned char) [clone .lto_priv.153]
                0x080094f4                spektrumDataReceive.lto_priv.152
                0x0800953c                sumhDataReceive.lto_priv.284
                0x08009584                sumdDataReceive.lto_priv.282
                0x08009628                sbusDataReceive.lto_priv.280
                0x08009674                xBusUnpackModeBFrame(unsigned char) [clone .lto_priv.173]
                0x08009714                getRxfailValue(unsigned char) [clone .lto_priv.219]
                0x08009764                resumeRxSignal
                0x08009794                suspendRxSignal
                0x080097c4                processInCommand() [clone .lto_priv.263]
 .text          0x08009ec4      0x6e0 C:\Users\shrey\AppData\Local\Temp\cc3d6Zma.ltrans14.ltrans.o
                0x08009eec                mpuGyroRead
                0x08009f30                mpuAccRead
                0x08009fb8                mpu6500GyroInit
                0x0800a060                mpu6500AccInit
                0x0800a074                i2cRead
                0x0800a168                mpuReadRegisterI2C(unsigned char, unsigned char, unsigned char*) [clone .lto_priv.307]
                0x0800a172                i2cWriteBuffer
                0x0800a260                i2cWrite
                0x0800a274                mpuWriteRegisterI2C(unsigned char, unsigned char) [clone .lto_priv.308]
                0x0800a27c                serializeString(char const*)
                0x0800a2ac                PosXYEstimate
 .text          0x0800a5a4      0x514 C:\Users\shrey\AppData\Local\Temp\cc3d6Zma.ltrans15.ltrans.o
                0x0800a6ae                usartIrqHandler
                0x0800a71c                DMA1_Channel4_IRQHandler
                0x0800a754                uartOpen
 .text          0x0800aab8      0x6b4 C:\Users\shrey\AppData\Local\Temp\cc3d6Zma.ltrans16.ltrans.o
                0x0800aad6                VL53L0X_get_vcsel_pulse_period
                0x0800ab08                set_sequence_step_timeout
                0x0800ac12                get_sequence_step_timeout
                0x0800ad58                VL53L0X_device_read_strobe
                0x0800ad9c                VL53L0X_isqrt
                0x0800adc6                VL53L0X_measurement_poll_for_completion
                0x0800ae2a                VL53L0X_perform_single_ref_calibration
                0x0800ae5a                VL53L0X_perform_ref_calibration
                0x0800aeea                VL53L0X_perform_ref_spad_management
 .text          0x0800b16c      0x630 C:\Users\shrey\AppData\Local\Temp\cc3d6Zma.ltrans17.ltrans.o
                0x0800b16c                DMA_StructInit
                0x0800b186                DMA_Init
                0x0800b1c2                DMA_DeInit
                0x0800b2b4                FLASH_GetStatus
                0x0800b2dc                ADC_RegularChannelConfig
                0x0800b394                GPIO_Init
                0x0800b422                serialRead
                0x0800b428                serialWrite
                0x0800b42e                _putc(void*, char) [clone .lto_priv.314]
                0x0800b432                applyDeadband
                0x0800b450                sin_approx
                0x0800b514                buildRotationMatrix
                0x0800b5d0                reset_FSI
                0x0800b5e8                set_FSI
                0x0800b5fc                disableFlightMode
                0x0800b61c                enableFlightMode
                0x0800b638                featureClear
                0x0800b648                featureSet
                0x0800b658                writeEEPROM
                0x0800b788                saveConfigAndNotify
 .text          0x0800b79c      0x150 C:\Users\shrey\AppData\Local\Temp\cc3d6Zma.ltrans18.ltrans.o
                0x0800b79c                mwArm
                0x0800b834                mwDisarm
                0x0800b8a8                isCalibrating()
 .text          0x0800b8ec       0x68 C:\Users\shrey\AppData\Local\Temp\cc3d6Zma.ltrans19.ltrans.o
                0x0800b8ec                SystemInit
 .text          0x0800b954      0x134 c:/users/shrey/downloads/cygnus-deneb-2-2-0-win/cygnus-deneb-2-2-0-win/cygnus/tools/toolchain/gcc-arm/bin/../lib/gcc/arm-none-eabi/6.3.1/../../../../arm-none-eabi/lib/thumb/v7e-m/fpv4-sp/hard\libc.a(lib_a-memcpy.o)
                0x0800b954                memcpy
 *fill*         0x0800ba88       0x38 
 .text          0x0800bac0       0xdc c:/users/shrey/downloads/cygnus-deneb-2-2-0-win/cygnus-deneb-2-2-0-win/cygnus/tools/toolchain/gcc-arm/bin/../lib/gcc/arm-none-eabi/6.3.1/../../../../arm-none-eabi/lib/thumb/v7e-m/fpv4-sp/hard\libc.a(lib_a-strlen.o)
                0x0800bac0                strlen
 .text          0x0800bb9c       0x1c c:/users/shrey/downloads/cygnus-deneb-2-2-0-win/cygnus-deneb-2-2-0-win/cygnus/tools/toolchain/gcc-arm/bin/../lib/gcc/arm-none-eabi/6.3.1/thumb/v7e-m/fpv4-sp/hard\libgcc.a(_ashrdi3.o)
                0x0800bb9c                __aeabi_lasr
                0x0800bb9c                __ashrdi3
 .text          0x0800bbb8      0x370 c:/users/shrey/downloads/cygnus-deneb-2-2-0-win/cygnus-deneb-2-2-0-win/cygnus/tools/toolchain/gcc-arm/bin/../lib/gcc/arm-none-eabi/6.3.1/thumb/v7e-m/fpv4-sp/hard\libgcc.a(_arm_addsubdf3.o)
                0x0800bbb8                __aeabi_drsub
                0x0800bbc0                __aeabi_dsub
                0x0800bbc0                __subdf3
                0x0800bbc4                __aeabi_dadd
                0x0800bbc4                __adddf3
                0x0800be3c                __floatunsidf
                0x0800be3c                __aeabi_ui2d
                0x0800be5c                __floatsidf
                0x0800be5c                __aeabi_i2d
                0x0800be80                __aeabi_f2d
                0x0800be80                __extendsfdf2
                0x0800bebc                __floatundidf
                0x0800bebc                __aeabi_ul2d
                0x0800becc                __floatdidf
                0x0800becc                __aeabi_l2d
 .text          0x0800bf28      0x424 c:/users/shrey/downloads/cygnus-deneb-2-2-0-win/cygnus-deneb-2-2-0-win/cygnus/tools/toolchain/gcc-arm/bin/../lib/gcc/arm-none-eabi/6.3.1/thumb/v7e-m/fpv4-sp/hard\libgcc.a(_arm_muldivdf3.o)
                0x0800bf28                __aeabi_dmul
                0x0800bf28                __muldf3
                0x0800c17c                __divdf3
                0x0800c17c                __aeabi_ddiv
 .text          0x0800c34c      0x110 c:/users/shrey/downloads/cygnus-deneb-2-2-0-win/cygnus-deneb-2-2-0-win/cygnus/tools/toolchain/gcc-arm/bin/../lib/gcc/arm-none-eabi/6.3.1/thumb/v7e-m/fpv4-sp/hard\libgcc.a(_arm_cmpdf2.o)
                0x0800c34c                __gtdf2
                0x0800c34c                __gedf2
                0x0800c354                __ltdf2
                0x0800c354                __ledf2
                0x0800c35c                __nedf2
                0x0800c35c                __eqdf2
                0x0800c35c                __cmpdf2
                0x0800c3d8                __aeabi_cdrcmple
                0x0800c3e8                __aeabi_cdcmpeq
                0x0800c3e8                __aeabi_cdcmple
                0x0800c3f8                __aeabi_dcmpeq
                0x0800c40c                __aeabi_dcmplt
                0x0800c420                __aeabi_dcmple
                0x0800c434                __aeabi_dcmpge
                0x0800c448                __aeabi_dcmpgt
 .text          0x0800c45c       0x2c c:/users/shrey/downloads/cygnus-deneb-2-2-0-win/cygnus-deneb-2-2-0-win/cygnus/tools/toolchain/gcc-arm/bin/../lib/gcc/arm-none-eabi/6.3.1/thumb/v7e-m/fpv4-sp/hard\libgcc.a(_arm_unorddf2.o)
                0x0800c45c                __unorddf2
                0x0800c45c                __aeabi_dcmpun
 .text          0x0800c488       0x40 c:/users/shrey/downloads/cygnus-deneb-2-2-0-win/cygnus-deneb-2-2-0-win/cygnus/tools/toolchain/gcc-arm/bin/../lib/gcc/arm-none-eabi/6.3.1/thumb/v7e-m/fpv4-sp/hard\libgcc.a(_arm_fixunsdfsi.o)
                0x0800c488                __aeabi_d2uiz
                0x0800c488                __fixunsdfsi
 .text          0x0800c4c8       0xa0 c:/users/shrey/downloads/cygnus-deneb-2-2-0-win/cygnus-deneb-2-2-0-win/cygnus/tools/toolchain/gcc-arm/bin/../lib/gcc/arm-none-eabi/6.3.1/thumb/v7e-m/fpv4-sp/hard\libgcc.a(_arm_truncdfsf2.o)
                0x0800c4c8                __truncdfsf2
                0x0800c4c8                __aeabi_d2f
 .text          0x0800c568       0xa0 c:/users/shrey/downloads/cygnus-deneb-2-2-0-win/cygnus-deneb-2-2-0-win/cygnus/tools/toolchain/gcc-arm/bin/../lib/gcc/arm-none-eabi/6.3.1/thumb/v7e-m/fpv4-sp/hard\libgcc.a(_aeabi_ldivmod.o)
                0x0800c568                __aeabi_ldivmod
 .text          0x0800c608       0x24 c:/users/shrey/downloads/cygnus-deneb-2-2-0-win/cygnus-deneb-2-2-0-win/cygnus/tools/toolchain/gcc-arm/bin/../lib/gcc/arm-none-eabi/6.3.1/thumb/v7e-m/fpv4-sp/hard\libgcc.a(_fixsfdi.o)
                0x0800c608                __fixsfdi
                0x0800c608                __aeabi_f2lz
 .text          0x0800c62c       0x4c c:/users/shrey/downloads/cygnus-deneb-2-2-0-win/cygnus-deneb-2-2-0-win/cygnus/tools/toolchain/gcc-arm/bin/../lib/gcc/arm-none-eabi/6.3.1/thumb/v7e-m/fpv4-sp/hard\libgcc.a(_fixunssfdi.o)
                0x0800c62c                __fixunssfdi
                0x0800c62c                __aeabi_f2ulz
 .text          0x0800c678      0x2dc c:/users/shrey/downloads/cygnus-deneb-2-2-0-win/cygnus-deneb-2-2-0-win/cygnus/tools/toolchain/gcc-arm/bin/../lib/gcc/arm-none-eabi/6.3.1/thumb/v7e-m/fpv4-sp/hard\libgcc.a(_udivmoddi4.o)
                0x0800c678                __udivmoddi4
 .text          0x0800c954      0x9cc c:/users/shrey/downloads/cygnus-deneb-2-2-0-win/cygnus-deneb-2-2-0-win/cygnus/tools/toolchain/gcc-arm/bin/../lib/gcc/arm-none-eabi/6.3.1/thumb/v7e-m/fpv4-sp/hard\libgcc.a(unwind-arm.o)
                0x0800cc14                _Unwind_GetCFA
                0x0800cc18                __gnu_Unwind_RaiseException
                0x0800cc78                __gnu_Unwind_ForcedUnwind
                0x0800cc8c                __gnu_Unwind_Resume
                0x0800ccd0                __gnu_Unwind_Resume_or_Rethrow
                0x0800cce0                _Unwind_Complete
                0x0800cce4                _Unwind_DeleteException
                0x0800ccf0                _Unwind_VRS_Get
                0x0800cd3c                _Unwind_VRS_Set
                0x0800cd8c                __gnu_Unwind_Backtrace
                0x0800d0cc                __aeabi_unwind_cpp_pr0
                0x0800d0d0                __aeabi_unwind_cpp_pr1
                0x0800d0d4                __aeabi_unwind_cpp_pr2
                0x0800d0d8                _Unwind_VRS_Pop
 .text          0x0800d320      0x1ac c:/users/shrey/downloads/cygnus-deneb-2-2-0-win/cygnus-deneb-2-2-0-win/cygnus/tools/toolchain/gcc-arm/bin/../lib/gcc/arm-none-eabi/6.3.1/thumb/v7e-m/fpv4-sp/hard\libgcc.a(libunwind.o)
                0x0800d320                __restore_core_regs
                0x0800d320                restore_core_regs
                0x0800d338                __gnu_Unwind_Restore_VFP
                0x0800d340                __gnu_Unwind_Save_VFP
                0x0800d348                __gnu_Unwind_Restore_VFP_D
                0x0800d350                __gnu_Unwind_Save_VFP_D
                0x0800d358                __gnu_Unwind_Restore_VFP_D_16_to_31
                0x0800d360                __gnu_Unwind_Save_VFP_D_16_to_31
                0x0800d368                __gnu_Unwind_Restore_WMMXD
                0x0800d3ac                __gnu_Unwind_Save_WMMXD
                0x0800d3f0                __gnu_Unwind_Restore_WMMXC
                0x0800d404                __gnu_Unwind_Save_WMMXC
                0x0800d418                ___Unwind_RaiseException
                0x0800d418                _Unwind_RaiseException
                0x0800d43c                _Unwind_Resume
                0x0800d43c                ___Unwind_Resume
                0x0800d460                _Unwind_Resume_or_Rethrow
                0x0800d460                ___Unwind_Resume_or_Rethrow
                0x0800d484                _Unwind_ForcedUnwind
                0x0800d484                ___Unwind_ForcedUnwind
                0x0800d4a8                ___Unwind_Backtrace
                0x0800d4a8                _Unwind_Backtrace
 .text          0x0800d4cc      0x380 c:/users/shrey/downloads/cygnus-deneb-2-2-0-win/cygnus-deneb-2-2-0-win/cygnus/tools/toolchain/gcc-arm/bin/../lib/gcc/arm-none-eabi/6.3.1/thumb/v7e-m/fpv4-sp/hard\libgcc.a(pr-support.o)
                0x0800d524                __gnu_unwind_execute
                0x0800d7f4                __gnu_unwind_frame
                0x0800d81c                _Unwind_GetRegionStart
                0x0800d828                _Unwind_GetLanguageSpecificData
                0x0800d83c                _Unwind_GetTextRelBase
                0x0800d844                _Unwind_GetDataRelBase
 .text          0x0800d84c        0x4 c:/users/shrey/downloads/cygnus-deneb-2-2-0-win/cygnus-deneb-2-2-0-win/cygnus/tools/toolchain/gcc-arm/bin/../lib/gcc/arm-none-eabi/6.3.1/thumb/v7e-m/fpv4-sp/hard\libgcc.a(_dvmd_tls.o)
                0x0800d84c                __aeabi_idiv0
                0x0800d84c                __aeabi_ldiv0
 *(.text*)
 .text.startup  0x0800d850     0x249c C:\Users\shrey\AppData\Local\Temp\cc3d6Zma.ltrans0.ltrans.o
                0x0800d850                main
 .text.startup  0x0800fcec       0x10 C:\Users\shrey\AppData\Local\Temp\cc3d6Zma.ltrans6.ltrans.o
 .text.Reset_Handler
                0x0800fcfc       0x68 ./libs\libpluto_0.3.a(startup_stm32f30x_md_gcc.o)
                0x0800fcfc                Reset_Handler
 .text.Default_Handler
                0x0800fd64        0x2 ./libs\libpluto_0.3.a(startup_stm32f30x_md_gcc.o)
                0x0800fd64                RTC_Alarm_IRQHandler
                0x0800fd64                TIM8_TRG_COM_IRQHandler
                0x0800fd64                TIM8_CC_IRQHandler
                0x0800fd64                DebugMon_Handler
                0x0800fd64                TIM1_CC_IRQHandler
                0x0800fd64                HardFault_Handler
                0x0800fd64                USB_HP_IRQHandler
                0x0800fd64                PVD_IRQHandler
                0x0800fd64                PendSV_Handler
                0x0800fd64                NMI_Handler
                0x0800fd64                EXTI0_IRQHandler
                0x0800fd64                I2C2_EV_IRQHandler
                0x0800fd64                FPU_IRQHandler
                0x0800fd64                EXTI2_TS_IRQHandler
                0x0800fd64                TIM1_UP_TIM16_IRQHandler
                0x0800fd64                UsageFault_Handler
                0x0800fd64                ADC1_2_IRQHandler
                0x0800fd64                SPI1_IRQHandler
                0x0800fd64                TIM6_DAC_IRQHandler
                0x0800fd64                TIM8_UP_IRQHandler
                0x0800fd64                DMA2_Channel2_IRQHandler
                0x0800fd64                USART3_IRQHandler
                0x0800fd64                DMA1_Channel7_IRQHandler
                0x0800fd64                CAN1_RX1_IRQHandler
                0x0800fd64                UART5_IRQHandler
                0x0800fd64                ADC3_IRQHandler
                0x0800fd64                TIM4_IRQHandler
                0x0800fd64                DMA2_Channel1_IRQHandler
                0x0800fd64                I2C1_EV_IRQHandler
                0x0800fd64                DMA1_Channel6_IRQHandler
                0x0800fd64                UART4_IRQHandler
                0x0800fd64                DMA2_Channel4_IRQHandler
                0x0800fd64                TIM3_IRQHandler
                0x0800fd64                RCC_IRQHandler
                0x0800fd64                DMA1_Channel1_IRQHandler
                0x0800fd64                Default_Handler
                0x0800fd64                USBWakeUp_RMP_IRQHandler
                0x0800fd64                TIM7_IRQHandler
                0x0800fd64                EXTI9_5_IRQHandler
                0x0800fd64                TAMPER_STAMP_IRQHandler
                0x0800fd64                RTC_WKUP_IRQHandler
                0x0800fd64                SPI2_IRQHandler
                0x0800fd64                MemManage_Handler
                0x0800fd64                SVC_Handler
                0x0800fd64                DMA2_Channel5_IRQHandler
                0x0800fd64                DMA1_Channel5_IRQHandler
                0x0800fd64                USB_LP_IRQHandler
                0x0800fd64                EXTI4_IRQHandler
                0x0800fd64                USB_LP_CAN1_RX0_IRQHandler
                0x0800fd64                TIM1_TRG_COM_TIM17_IRQHandler
                0x0800fd64                USB_HP_CAN1_TX_IRQHandler
                0x0800fd64                DMA1_Channel3_IRQHandler
                0x0800fd64                ADC4_IRQHandler
                0x0800fd64                WWDG_IRQHandler
                0x0800fd64                TIM2_IRQHandler
                0x0800fd64                COMP7_IRQHandler
                0x0800fd64                COMP1_2_3_IRQHandler
                0x0800fd64                EXTI1_IRQHandler
                0x0800fd64                COMP4_5_6_IRQHandler
                0x0800fd64                I2C2_ER_IRQHandler
                0x0800fd64                DMA1_Channel2_IRQHandler
                0x0800fd64                TIM8_BRK_IRQHandler
                0x0800fd64                CAN1_SCE_IRQHandler
                0x0800fd64                FLASH_IRQHandler
                0x0800fd64                BusFault_Handler
                0x0800fd64                SPI3_IRQHandler
                0x0800fd64                I2C1_ER_IRQHandler
                0x0800fd64                USBWakeUp_IRQHandler
                0x0800fd64                DMA2_Channel3_IRQHandler
                0x0800fd64                TIM1_BRK_TIM15_IRQHandler
 *fill*         0x0800fd66        0x2 
 .text.cosf     0x0800fd68       0x90 c:/users/shrey/downloads/cygnus-deneb-2-2-0-win/cygnus-deneb-2-2-0-win/cygnus/tools/toolchain/gcc-arm/bin/../lib/gcc/arm-none-eabi/6.3.1/../../../../arm-none-eabi/lib/thumb/v7e-m/fpv4-sp/hard\libm.a(lib_a-sf_cos.o)
                0x0800fd68                cosf
 .text.lrintf   0x0800fdf8       0x98 c:/users/shrey/downloads/cygnus-deneb-2-2-0-win/cygnus-deneb-2-2-0-win/cygnus/tools/toolchain/gcc-arm/bin/../lib/gcc/arm-none-eabi/6.3.1/../../../../arm-none-eabi/lib/thumb/v7e-m/fpv4-sp/hard\libm.a(lib_a-sf_lrint.o)
                0x0800fdf8                lrintf
 .text.sinf     0x0800fe90       0x94 c:/users/shrey/downloads/cygnus-deneb-2-2-0-win/cygnus-deneb-2-2-0-win/cygnus/tools/toolchain/gcc-arm/bin/../lib/gcc/arm-none-eabi/6.3.1/../../../../arm-none-eabi/lib/thumb/v7e-m/fpv4-sp/hard\libm.a(lib_a-sf_sin.o)
                0x0800fe90                sinf
 .text.acosf    0x0800ff24       0xb8 c:/users/shrey/downloads/cygnus-deneb-2-2-0-win/cygnus-deneb-2-2-0-win/cygnus/tools/toolchain/gcc-arm/bin/../lib/gcc/arm-none-eabi/6.3.1/../../../../arm-none-eabi/lib/thumb/v7e-m/fpv4-sp/hard\libm.a(lib_a-wf_acos.o)
                0x0800ff24                acosf
 .text.asinf    0x0800ffdc       0xb8 c:/users/shrey/downloads/cygnus-deneb-2-2-0-win/cygnus-deneb-2-2-0-win/cygnus/tools/toolchain/gcc-arm/bin/../lib/gcc/arm-none-eabi/6.3.1/../../../../arm-none-eabi/lib/thumb/v7e-m/fpv4-sp/hard\libm.a(lib_a-wf_asin.o)
                0x0800ffdc                asinf
 .text.atan2f   0x08010094        0x4 c:/users/shrey/downloads/cygnus-deneb-2-2-0-win/cygnus-deneb-2-2-0-win/cygnus/tools/toolchain/gcc-arm/bin/../lib/gcc/arm-none-eabi/6.3.1/../../../../arm-none-eabi/lib/thumb/v7e-m/fpv4-sp/hard\libm.a(lib_a-wf_atan2.o)
                0x08010094                atan2f
 .text.logf     0x08010098       0xf8 c:/users/shrey/downloads/cygnus-deneb-2-2-0-win/cygnus-deneb-2-2-0-win/cygnus/tools/toolchain/gcc-arm/bin/../lib/gcc/arm-none-eabi/6.3.1/../../../../arm-none-eabi/lib/thumb/v7e-m/fpv4-sp/hard\libm.a(lib_a-wf_log.o)
                0x08010098                logf
 .text.sqrtf    0x08010190       0xac c:/users/shrey/downloads/cygnus-deneb-2-2-0-win/cygnus-deneb-2-2-0-win/cygnus/tools/toolchain/gcc-arm/bin/../lib/gcc/arm-none-eabi/6.3.1/../../../../arm-none-eabi/lib/thumb/v7e-m/fpv4-sp/hard\libm.a(lib_a-wf_sqrt.o)
                0x08010190                sqrtf
 .text.__ieee754_acosf
                0x0801023c      0x244 c:/users/shrey/downloads/cygnus-deneb-2-2-0-win/cygnus-deneb-2-2-0-win/cygnus/tools/toolchain/gcc-arm/bin/../lib/gcc/arm-none-eabi/6.3.1/../../../../arm-none-eabi/lib/thumb/v7e-m/fpv4-sp/hard\libm.a(lib_a-ef_acos.o)
                0x0801023c                __ieee754_acosf
 .text.__ieee754_asinf
                0x08010480      0x1f8 c:/users/shrey/downloads/cygnus-deneb-2-2-0-win/cygnus-deneb-2-2-0-win/cygnus/tools/toolchain/gcc-arm/bin/../lib/gcc/arm-none-eabi/6.3.1/../../../../arm-none-eabi/lib/thumb/v7e-m/fpv4-sp/hard\libm.a(lib_a-ef_asin.o)
                0x08010480                __ieee754_asinf
 .text.__ieee754_atan2f
                0x08010678      0x180 c:/users/shrey/downloads/cygnus-deneb-2-2-0-win/cygnus-deneb-2-2-0-win/cygnus/tools/toolchain/gcc-arm/bin/../lib/gcc/arm-none-eabi/6.3.1/../../../../arm-none-eabi/lib/thumb/v7e-m/fpv4-sp/hard\libm.a(lib_a-ef_atan2.o)
                0x08010678                __ieee754_atan2f
 .text.__ieee754_logf
                0x080107f8      0x218 c:/users/shrey/downloads/cygnus-deneb-2-2-0-win/cygnus-deneb-2-2-0-win/cygnus/tools/toolchain/gcc-arm/bin/../lib/gcc/arm-none-eabi/6.3.1/../../../../arm-none-eabi/lib/thumb/v7e-m/fpv4-sp/hard\libm.a(lib_a-ef_log.o)
                0x080107f8                __ieee754_logf
 .text.__ieee754_rem_pio2f
                0x08010a10      0x290 c:/users/shrey/downloads/cygnus-deneb-2-2-0-win/cygnus-deneb-2-2-0-win/cygnus/tools/toolchain/gcc-arm/bin/../lib/gcc/arm-none-eabi/6.3.1/../../../../arm-none-eabi/lib/thumb/v7e-m/fpv4-sp/hard\libm.a(lib_a-ef_rem_pio2.o)
                0x08010a10                __ieee754_rem_pio2f
 .text.__ieee754_sqrtf
                0x08010ca0        0x8 c:/users/shrey/downloads/cygnus-deneb-2-2-0-win/cygnus-deneb-2-2-0-win/cygnus/tools/toolchain/gcc-arm/bin/../lib/gcc/arm-none-eabi/6.3.1/../../../../arm-none-eabi/lib/thumb/v7e-m/fpv4-sp/hard\libm.a(lib_a-ef_sqrt.o)
                0x08010ca0                __ieee754_sqrtf
 .text.__kernel_cosf
                0x08010ca8      0x104 c:/users/shrey/downloads/cygnus-deneb-2-2-0-win/cygnus-deneb-2-2-0-win/cygnus/tools/toolchain/gcc-arm/bin/../lib/gcc/arm-none-eabi/6.3.1/../../../../arm-none-eabi/lib/thumb/v7e-m/fpv4-sp/hard\libm.a(lib_a-kf_cos.o)
                0x08010ca8                __kernel_cosf
 .text.__kernel_rem_pio2f
                0x08010dac      0x690 c:/users/shrey/downloads/cygnus-deneb-2-2-0-win/cygnus-deneb-2-2-0-win/cygnus/tools/toolchain/gcc-arm/bin/../lib/gcc/arm-none-eabi/6.3.1/../../../../arm-none-eabi/lib/thumb/v7e-m/fpv4-sp/hard\libm.a(lib_a-kf_rem_pio2.o)
                0x08010dac                __kernel_rem_pio2f
 .text.__kernel_sinf
                0x0801143c       0x90 c:/users/shrey/downloads/cygnus-deneb-2-2-0-win/cygnus-deneb-2-2-0-win/cygnus/tools/toolchain/gcc-arm/bin/../lib/gcc/arm-none-eabi/6.3.1/../../../../arm-none-eabi/lib/thumb/v7e-m/fpv4-sp/hard\libm.a(lib_a-kf_sin.o)
                0x0801143c                __kernel_sinf
 .text.matherr  0x080114cc        0x4 c:/users/shrey/downloads/cygnus-deneb-2-2-0-win/cygnus-deneb-2-2-0-win/cygnus/tools/toolchain/gcc-arm/bin/../lib/gcc/arm-none-eabi/6.3.1/../../../../arm-none-eabi/lib/thumb/v7e-m/fpv4-sp/hard\libm.a(lib_a-s_matherr.o)
                0x080114cc                matherr
 .text.nan      0x080114d0       0x10 c:/users/shrey/downloads/cygnus-deneb-2-2-0-win/cygnus-deneb-2-2-0-win/cygnus/tools/toolchain/gcc-arm/bin/../lib/gcc/arm-none-eabi/6.3.1/../../../../arm-none-eabi/lib/thumb/v7e-m/fpv4-sp/hard\libm.a(lib_a-s_nan.o)
                0x080114d0                nan
 .text.atanf    0x080114e0      0x1b0 c:/users/shrey/downloads/cygnus-deneb-2-2-0-win/cygnus-deneb-2-2-0-win/cygnus/tools/toolchain/gcc-arm/bin/../lib/gcc/arm-none-eabi/6.3.1/../../../../arm-none-eabi/lib/thumb/v7e-m/fpv4-sp/hard\libm.a(lib_a-sf_atan.o)
                0x080114e0                atanf
 .text.fabsf    0x08011690       0x10 c:/users/shrey/downloads/cygnus-deneb-2-2-0-win/cygnus-deneb-2-2-0-win/cygnus/tools/toolchain/gcc-arm/bin/../lib/gcc/arm-none-eabi/6.3.1/../../../../arm-none-eabi/lib/thumb/v7e-m/fpv4-sp/hard\libm.a(lib_a-sf_fabs.o)
                0x08011690                fabsf
 .text.floorf   0x080116a0       0x90 c:/users/shrey/downloads/cygnus-deneb-2-2-0-win/cygnus-deneb-2-2-0-win/cygnus/tools/toolchain/gcc-arm/bin/../lib/gcc/arm-none-eabi/6.3.1/../../../../arm-none-eabi/lib/thumb/v7e-m/fpv4-sp/hard\libm.a(lib_a-sf_floor.o)
                0x080116a0                floorf
 .text.scalbnf  0x08011730       0xd0 c:/users/shrey/downloads/cygnus-deneb-2-2-0-win/cygnus-deneb-2-2-0-win/cygnus/tools/toolchain/gcc-arm/bin/../lib/gcc/arm-none-eabi/6.3.1/../../../../arm-none-eabi/lib/thumb/v7e-m/fpv4-sp/hard\libm.a(lib_a-sf_scalbn.o)
                0x08011730                scalbnf
 .text.copysignf
                0x08011800       0x18 c:/users/shrey/downloads/cygnus-deneb-2-2-0-win/cygnus-deneb-2-2-0-win/cygnus/tools/toolchain/gcc-arm/bin/../lib/gcc/arm-none-eabi/6.3.1/../../../../arm-none-eabi/lib/thumb/v7e-m/fpv4-sp/hard\libm.a(lib_a-sf_copysign.o)
                0x08011800                copysignf
 .text.__errno  0x08011818        0xc c:/users/shrey/downloads/cygnus-deneb-2-2-0-win/cygnus-deneb-2-2-0-win/cygnus/tools/toolchain/gcc-arm/bin/../lib/gcc/arm-none-eabi/6.3.1/../../../../arm-none-eabi/lib/thumb/v7e-m/fpv4-sp/hard\libc.a(lib_a-errno.o)
                0x08011818                __errno
 .text.memset   0x08011824       0x9c c:/users/shrey/downloads/cygnus-deneb-2-2-0-win/cygnus-deneb-2-2-0-win/cygnus/tools/toolchain/gcc-arm/bin/../lib/gcc/arm-none-eabi/6.3.1/../../../../arm-none-eabi/lib/thumb/v7e-m/fpv4-sp/hard\libc.a(lib_a-memset.o)
                0x08011824                memset
 .text.strchr   0x080118c0       0xe8 c:/users/shrey/downloads/cygnus-deneb-2-2-0-win/cygnus-deneb-2-2-0-win/cygnus/tools/toolchain/gcc-arm/bin/../lib/gcc/arm-none-eabi/6.3.1/../../../../arm-none-eabi/lib/thumb/v7e-m/fpv4-sp/hard\libc.a(lib_a-strchr.o)
                0x080118c0                strchr
 .text.abort    0x080119a8       0x10 c:/users/shrey/downloads/cygnus-deneb-2-2-0-win/cygnus-deneb-2-2-0-win/cygnus/tools/toolchain/gcc-arm/bin/../lib/gcc/arm-none-eabi/6.3.1/../../../../arm-none-eabi/lib/thumb/v7e-m/fpv4-sp/hard\libg.a(lib_a-abort.o)
                0x080119a8                abort
 .text._raise_r
                0x080119b8       0x60 c:/users/shrey/downloads/cygnus-deneb-2-2-0-win/cygnus-deneb-2-2-0-win/cygnus/tools/toolchain/gcc-arm/bin/../lib/gcc/arm-none-eabi/6.3.1/../../../../arm-none-eabi/lib/thumb/v7e-m/fpv4-sp/hard\libg.a(lib_a-signal.o)
                0x080119b8                _raise_r
 .text.raise    0x08011a18       0x10 c:/users/shrey/downloads/cygnus-deneb-2-2-0-win/cygnus-deneb-2-2-0-win/cygnus/tools/toolchain/gcc-arm/bin/../lib/gcc/arm-none-eabi/6.3.1/../../../../arm-none-eabi/lib/thumb/v7e-m/fpv4-sp/hard\libg.a(lib_a-signal.o)
                0x08011a18                raise
 .text._kill_r  0x08011a28       0x28 c:/users/shrey/downloads/cygnus-deneb-2-2-0-win/cygnus-deneb-2-2-0-win/cygnus/tools/toolchain/gcc-arm/bin/../lib/gcc/arm-none-eabi/6.3.1/../../../../arm-none-eabi/lib/thumb/v7e-m/fpv4-sp/hard\libg.a(lib_a-signalr.o)
                0x08011a28                _kill_r
 .text._getpid_r
                0x08011a50        0x4 c:/users/shrey/downloads/cygnus-deneb-2-2-0-win/cygnus-deneb-2-2-0-win/cygnus/tools/toolchain/gcc-arm/bin/../lib/gcc/arm-none-eabi/6.3.1/../../../../arm-none-eabi/lib/thumb/v7e-m/fpv4-sp/hard\libg.a(lib_a-signalr.o)
                0x08011a50                _getpid_r
 .text._getpid  0x08011a54       0x10 c:/users/shrey/downloads/cygnus-deneb-2-2-0-win/cygnus-deneb-2-2-0-win/cygnus/tools/toolchain/gcc-arm/bin/../lib/gcc/arm-none-eabi/6.3.1/../../../../arm-none-eabi/lib/thumb/v7e-m/fpv4-sp/hard\libnosys.a(getpid.o)
                0x08011a54                _getpid
 .text._kill    0x08011a64       0x10 c:/users/shrey/downloads/cygnus-deneb-2-2-0-win/cygnus-deneb-2-2-0-win/cygnus/tools/toolchain/gcc-arm/bin/../lib/gcc/arm-none-eabi/6.3.1/../../../../arm-none-eabi/lib/thumb/v7e-m/fpv4-sp/hard\libnosys.a(kill.o)
                0x08011a64                _kill
 .text._exit    0x08011a74        0x4 c:/users/shrey/downloads/cygnus-deneb-2-2-0-win/cygnus-deneb-2-2-0-win/cygnus/tools/toolchain/gcc-arm/bin/../lib/gcc/arm-none-eabi/6.3.1/../../../../arm-none-eabi/lib/thumb/v7e-m/fpv4-sp/hard\libnosys.a(_exit.o)
                0x08011a74                _exit
 *(.rodata)
 .rodata        0x08011a78      0x10e C:\Users\shrey\AppData\Local\Temp\cc3d6Zma.ltrans1.ltrans.o
 .rodata        0x08011b86       0x3c C:\Users\shrey\AppData\Local\Temp\cc3d6Zma.ltrans3.ltrans.o
 .rodata        0x08011bc2       0x30 C:\Users\shrey\AppData\Local\Temp\cc3d6Zma.ltrans4.ltrans.o
 *fill*         0x08011bf2        0x2 
 .rodata        0x08011bf4      0x120 C:\Users\shrey\AppData\Local\Temp\cc3d6Zma.ltrans6.ltrans.o
                0x08011d10                magneticDeclination
 .rodata        0x08011d14       0x14 C:\Users\shrey\AppData\Local\Temp\cc3d6Zma.ltrans7.ltrans.o
                0x08011d14                refArrayQuadrants
                0x08011d24                serialPortIdentifiers
 .rodata        0x08011d28       0x1c C:\Users\shrey\AppData\Local\Temp\cc3d6Zma.ltrans11.ltrans.o
                0x08011d40                SystemCoreClock
 .rodata        0x08011d44      0x150 C:\Users\shrey\AppData\Local\Temp\cc3d6Zma.ltrans13.ltrans.o
                0x08011d44                _ZL5boxes.lto_priv.185
 .rodata        0x08011e94       0x1c C:\Users\shrey\AppData\Local\Temp\cc3d6Zma.ltrans15.ltrans.o
 *(.rodata*)
 .rodata.str1.1
                0x08011eb0        0xf C:\Users\shrey\AppData\Local\Temp\cc3d6Zma.ltrans0.ltrans.o
 .rodata.str1.1
                0x08011ebf       0x23 C:\Users\shrey\AppData\Local\Temp\cc3d6Zma.ltrans4.ltrans.o
 .rodata.str1.1
                0x08011ee2       0xa1 C:\Users\shrey\AppData\Local\Temp\cc3d6Zma.ltrans6.ltrans.o
                                 0xa8 (size before relaxing)
 .rodata.str1.1
                0x08011f83       0x22 C:\Users\shrey\AppData\Local\Temp\cc3d6Zma.ltrans7.ltrans.o
 .rodata.str1.1
                0x08011fa5        0x9 C:\Users\shrey\AppData\Local\Temp\cc3d6Zma.ltrans11.ltrans.o
 .rodata.str1.1
                0x08011fae       0xe2 C:\Users\shrey\AppData\Local\Temp\cc3d6Zma.ltrans13.ltrans.o
 .rodata.TWO23  0x08012090        0x8 c:/users/shrey/downloads/cygnus-deneb-2-2-0-win/cygnus-deneb-2-2-0-win/cygnus/tools/toolchain/gcc-arm/bin/../lib/gcc/arm-none-eabi/6.3.1/../../../../arm-none-eabi/lib/thumb/v7e-m/fpv4-sp/hard\libm.a(lib_a-sf_lrint.o)
 .rodata.acosf.str1.4
                0x08012098        0x6 c:/users/shrey/downloads/cygnus-deneb-2-2-0-win/cygnus-deneb-2-2-0-win/cygnus/tools/toolchain/gcc-arm/bin/../lib/gcc/arm-none-eabi/6.3.1/../../../../arm-none-eabi/lib/thumb/v7e-m/fpv4-sp/hard\libm.a(lib_a-wf_acos.o)
                                  0x9 (size before relaxing)
 *fill*         0x0801209e        0x2 
 .rodata.asinf.str1.4
                0x080120a0        0x6 c:/users/shrey/downloads/cygnus-deneb-2-2-0-win/cygnus-deneb-2-2-0-win/cygnus/tools/toolchain/gcc-arm/bin/../lib/gcc/arm-none-eabi/6.3.1/../../../../arm-none-eabi/lib/thumb/v7e-m/fpv4-sp/hard\libm.a(lib_a-wf_asin.o)
                                  0x9 (size before relaxing)
 *fill*         0x080120a6        0x2 
 .rodata.logf.str1.4
                0x080120a8        0x5 c:/users/shrey/downloads/cygnus-deneb-2-2-0-win/cygnus-deneb-2-2-0-win/cygnus/tools/toolchain/gcc-arm/bin/../lib/gcc/arm-none-eabi/6.3.1/../../../../arm-none-eabi/lib/thumb/v7e-m/fpv4-sp/hard\libm.a(lib_a-wf_log.o)
                                  0x9 (size before relaxing)
 *fill*         0x080120ad        0x3 
 .rodata.sqrtf.str1.4
                0x080120b0        0x8 c:/users/shrey/downloads/cygnus-deneb-2-2-0-win/cygnus-deneb-2-2-0-win/cygnus/tools/toolchain/gcc-arm/bin/../lib/gcc/arm-none-eabi/6.3.1/../../../../arm-none-eabi/lib/thumb/v7e-m/fpv4-sp/hard\libm.a(lib_a-wf_sqrt.o)
                                  0x6 (size before relaxing)
 .rodata.npio2_hw
                0x080120b8       0x80 c:/users/shrey/downloads/cygnus-deneb-2-2-0-win/cygnus-deneb-2-2-0-win/cygnus/tools/toolchain/gcc-arm/bin/../lib/gcc/arm-none-eabi/6.3.1/../../../../arm-none-eabi/lib/thumb/v7e-m/fpv4-sp/hard\libm.a(lib_a-ef_rem_pio2.o)
 .rodata.two_over_pi
                0x08012138      0x318 c:/users/shrey/downloads/cygnus-deneb-2-2-0-win/cygnus-deneb-2-2-0-win/cygnus/tools/toolchain/gcc-arm/bin/../lib/gcc/arm-none-eabi/6.3.1/../../../../arm-none-eabi/lib/thumb/v7e-m/fpv4-sp/hard\libm.a(lib_a-ef_rem_pio2.o)
 .rodata.PIo2   0x08012450       0x2c c:/users/shrey/downloads/cygnus-deneb-2-2-0-win/cygnus-deneb-2-2-0-win/cygnus/tools/toolchain/gcc-arm/bin/../lib/gcc/arm-none-eabi/6.3.1/../../../../arm-none-eabi/lib/thumb/v7e-m/fpv4-sp/hard\libm.a(lib_a-kf_rem_pio2.o)
 .rodata.init_jk
                0x0801247c        0xc c:/users/shrey/downloads/cygnus-deneb-2-2-0-win/cygnus-deneb-2-2-0-win/cygnus/tools/toolchain/gcc-arm/bin/../lib/gcc/arm-none-eabi/6.3.1/../../../../arm-none-eabi/lib/thumb/v7e-m/fpv4-sp/hard\libm.a(lib_a-kf_rem_pio2.o)
 .rodata.atanhi
                0x08012488       0x10 c:/users/shrey/downloads/cygnus-deneb-2-2-0-win/cygnus-deneb-2-2-0-win/cygnus/tools/toolchain/gcc-arm/bin/../lib/gcc/arm-none-eabi/6.3.1/../../../../arm-none-eabi/lib/thumb/v7e-m/fpv4-sp/hard\libm.a(lib_a-sf_atan.o)
 .rodata.atanlo
                0x08012498       0x10 c:/users/shrey/downloads/cygnus-deneb-2-2-0-win/cygnus-deneb-2-2-0-win/cygnus/tools/toolchain/gcc-arm/bin/../lib/gcc/arm-none-eabi/6.3.1/../../../../arm-none-eabi/lib/thumb/v7e-m/fpv4-sp/hard\libm.a(lib_a-sf_atan.o)
 *(.glue_7)
 .glue_7        0x080124a8        0x0 linker stubs
 *(.glue_7t)
 .glue_7t       0x080124a8        0x0 linker stubs
 *(.eh_frame)
 *(.init)
 *(.fini)
                0x080124a8                . = ALIGN (0x4)
                0x080124a8                _etext = .

.vfp11_veneer   0x080124a8        0x0
 .vfp11_veneer  0x080124a8        0x0 linker stubs

.v4_bx          0x080124a8        0x0
 .v4_bx         0x080124a8        0x0 linker stubs

.iplt           0x080124a8        0x0
 .iplt          0x080124a8        0x0 ./libs\libpluto_0.3.a(startup_stm32f30x_md_gcc.o)

.ARM.extab      0x080124a8       0x90
 *(.ARM.extab* .gnu.linkonce.armextab.*)
 .ARM.extab.text.startup
                0x080124a8        0xc C:\Users\shrey\AppData\Local\Temp\cc3d6Zma.ltrans0.ltrans.o
 .ARM.extab     0x080124b4        0xc C:\Users\shrey\AppData\Local\Temp\cc3d6Zma.ltrans4.ltrans.o
 .ARM.extab     0x080124c0        0xc C:\Users\shrey\AppData\Local\Temp\cc3d6Zma.ltrans6.ltrans.o
 .ARM.extab     0x080124cc        0xc C:\Users\shrey\AppData\Local\Temp\cc3d6Zma.ltrans8.ltrans.o
 .ARM.extab     0x080124d8       0x24 C:\Users\shrey\AppData\Local\Temp\cc3d6Zma.ltrans9.ltrans.o
 .ARM.extab     0x080124fc       0x18 C:\Users\shrey\AppData\Local\Temp\cc3d6Zma.ltrans10.ltrans.o
 .ARM.extab     0x08012514        0xc C:\Users\shrey\AppData\Local\Temp\cc3d6Zma.ltrans13.ltrans.o
 .ARM.extab     0x08012520       0x18 c:/users/shrey/downloads/cygnus-deneb-2-2-0-win/cygnus-deneb-2-2-0-win/cygnus/tools/toolchain/gcc-arm/bin/../lib/gcc/arm-none-eabi/6.3.1/thumb/v7e-m/fpv4-sp/hard\libgcc.a(pr-support.o)

.ARM            0x08012538      0x1f0
                0x08012538                __exidx_start = .
 *(.ARM.exidx*)
 .ARM.exidx.text.startup
                0x08012718        0x8 C:\Users\shrey\AppData\Local\Temp\cc3d6Zma.ltrans0.ltrans.o
 .ARM.exidx     0x08012538        0x8 C:\Users\shrey\AppData\Local\Temp\cc3d6Zma.ltrans1.ltrans.o
 .ARM.exidx     0x08012540        0x8 C:\Users\shrey\AppData\Local\Temp\cc3d6Zma.ltrans3.ltrans.o
 .ARM.exidx     0x08012548       0x20 C:\Users\shrey\AppData\Local\Temp\cc3d6Zma.ltrans4.ltrans.o
 .ARM.exidx     0x08012568        0x0 C:\Users\shrey\AppData\Local\Temp\cc3d6Zma.ltrans5.ltrans.o
                                  0x8 (size before relaxing)
 .ARM.exidx     0x08012568       0x28 C:\Users\shrey\AppData\Local\Temp\cc3d6Zma.ltrans6.ltrans.o
                                 0x98 (size before relaxing)
 .ARM.exidx.text.startup
                0x08012720        0x8 C:\Users\shrey\AppData\Local\Temp\cc3d6Zma.ltrans6.ltrans.o
 .ARM.exidx     0x08012590       0x18 C:\Users\shrey\AppData\Local\Temp\cc3d6Zma.ltrans7.ltrans.o
                                 0x40 (size before relaxing)
 .ARM.exidx     0x080125a8       0x18 C:\Users\shrey\AppData\Local\Temp\cc3d6Zma.ltrans8.ltrans.o
                                 0x38 (size before relaxing)
 .ARM.exidx     0x080125c0       0x28 C:\Users\shrey\AppData\Local\Temp\cc3d6Zma.ltrans9.ltrans.o
                                 0x38 (size before relaxing)
 .ARM.exidx     0x080125e8       0x18 C:\Users\shrey\AppData\Local\Temp\cc3d6Zma.ltrans10.ltrans.o
                                 0x40 (size before relaxing)
 .ARM.exidx     0x08012600       0x20 C:\Users\shrey\AppData\Local\Temp\cc3d6Zma.ltrans11.ltrans.o
                                 0x78 (size before relaxing)
 .ARM.exidx     0x08012620        0x0 C:\Users\shrey\AppData\Local\Temp\cc3d6Zma.ltrans12.ltrans.o
                                 0x50 (size before relaxing)
 .ARM.exidx     0x08012620       0x10 C:\Users\shrey\AppData\Local\Temp\cc3d6Zma.ltrans13.ltrans.o
                                 0x30 (size before relaxing)
 .ARM.exidx     0x08012630       0x38 C:\Users\shrey\AppData\Local\Temp\cc3d6Zma.ltrans14.ltrans.o
                                 0x48 (size before relaxing)
 .ARM.exidx     0x08012668        0x0 C:\Users\shrey\AppData\Local\Temp\cc3d6Zma.ltrans17.ltrans.o
                                 0x70 (size before relaxing)
 .ARM.exidx     0x08012668        0x0 C:\Users\shrey\AppData\Local\Temp\cc3d6Zma.ltrans18.ltrans.o
                                 0x18 (size before relaxing)
 .ARM.exidx     0x08012668        0x0 c:/users/shrey/downloads/cygnus-deneb-2-2-0-win/cygnus-deneb-2-2-0-win/cygnus/tools/toolchain/gcc-arm/bin/../lib/gcc/arm-none-eabi/6.3.1/thumb/v7e-m/fpv4-sp/hard\libgcc.a(_udivmoddi4.o)
                                  0x8 (size before relaxing)
 .ARM.exidx     0x08012668       0x78 c:/users/shrey/downloads/cygnus-deneb-2-2-0-win/cygnus-deneb-2-2-0-win/cygnus/tools/toolchain/gcc-arm/bin/../lib/gcc/arm-none-eabi/6.3.1/thumb/v7e-m/fpv4-sp/hard\libgcc.a(unwind-arm.o)
                                 0xd8 (size before relaxing)
 .ARM.exidx     0x080126e0       0x38 c:/users/shrey/downloads/cygnus-deneb-2-2-0-win/cygnus-deneb-2-2-0-win/cygnus/tools/toolchain/gcc-arm/bin/../lib/gcc/arm-none-eabi/6.3.1/thumb/v7e-m/fpv4-sp/hard\libgcc.a(pr-support.o)
                                 0x48 (size before relaxing)
                0x08012728                __exidx_end = .

.rel.dyn        0x08012728        0x0
 .rel.iplt      0x08012728        0x0 ./libs\libpluto_0.3.a(startup_stm32f30x_md_gcc.o)

.preinit_array  0x08012728        0x0
                [!provide]                PROVIDE (__preinit_array_start, .)
 *(.preinit_array*)
                [!provide]                PROVIDE (__preinit_array_end, .)

.init_array     0x08012728        0x4
                [!provide]                PROVIDE (__init_array_start, .)
 *(SORT(.init_array.*))
 *(.init_array*)
 .init_array    0x08012728        0x4 C:\Users\shrey\AppData\Local\Temp\cc3d6Zma.ltrans6.ltrans.o
                [!provide]                PROVIDE (__init_array_end, .)

.fini_array     0x0801272c        0x0
                [!provide]                PROVIDE (__fini_array_start, .)
 *(.fini_array*)
 *(SORT(.fini_array.*))
                [!provide]                PROVIDE (__fini_array_end, .)
                0x0801272c                _sidata = .

.data           0x20000000      0x4d0 load address 0x0801272c
                0x20000000                . = ALIGN (0x4)
                0x20000000                _sdata = .
 *(.data)
 .data          0x20000000        0xb C:\Users\shrey\AppData\Local\Temp\cc3d6Zma.ltrans0.ltrans.o
 .data          0x2000000b        0x2 C:\Users\shrey\AppData\Local\Temp\cc3d6Zma.ltrans3.ltrans.o
                0x2000000b                _ZL18rxIsInFailsafeMode.lto_priv.240
                0x2000000c                _ZL31rxIsInFailsafeModeNotDataDriven.lto_priv.242
 *fill*         0x2000000d        0x3 
 .data          0x20000010       0x2c C:\Users\shrey\AppData\Local\Temp\cc3d6Zma.ltrans6.ltrans.o
                0x20000010                dcm_matrix
 .data          0x2000003c        0x5 C:\Users\shrey\AppData\Local\Temp\cc3d6Zma.ltrans7.ltrans.o
                0x2000003c                _ZL13rcReadRawFunc.lto_priv.218
                0x20000040                _ZL18isUsingSticksToArm.lto_priv.214
 *fill*         0x20000041        0x1 
 .data          0x20000042       0x31 C:\Users\shrey\AppData\Local\Temp\cc3d6Zma.ltrans8.ltrans.o
                0x20000072                _ZL22standardBoardAlignment.lto_priv.309
 *fill*         0x20000073        0x1 
 .data          0x20000074        0x8 C:\Users\shrey\AppData\Local\Temp\cc3d6Zma.ltrans9.ltrans.o
                0x20000074                headFreeModeHold
                0x20000078                pid_controller
 .data          0x2000007c        0x7 C:\Users\shrey\AppData\Local\Temp\cc3d6Zma.ltrans10.ltrans.o
                0x20000082                velocityControl
 *fill*         0x20000083        0x1 
 .data          0x20000084        0xc C:\Users\shrey\AppData\Local\Temp\cc3d6Zma.ltrans12.ltrans.o
 .data          0x20000090        0x4 C:\Users\shrey\AppData\Local\Temp\cc3d6Zma.ltrans13.ltrans.o
                0x20000090                command_status
                0x20000092                max_altitude
 .data          0x20000094        0x4 C:\Users\shrey\AppData\Local\Temp\cc3d6Zma.ltrans14.ltrans.o
                0x20000094                acc_1G
 .data          0x20000098        0x6 C:\Users\shrey\AppData\Local\Temp\cc3d6Zma.ltrans18.ltrans.o
                0x20000098                setLandTimer
                0x2000009a                takeOffHeight
                0x2000009c                landThrottle
 *(.data*)
 .data.__fdlib_version
                0x2000009e        0x1 c:/users/shrey/downloads/cygnus-deneb-2-2-0-win/cygnus-deneb-2-2-0-win/cygnus/tools/toolchain/gcc-arm/bin/../lib/gcc/arm-none-eabi/6.3.1/../../../../arm-none-eabi/lib/thumb/v7e-m/fpv4-sp/hard\libm.a(lib_a-s_lib_ver.o)
                0x2000009e                __fdlib_version
 *fill*         0x2000009f        0x1 
 .data._impure_ptr
                0x200000a0        0x4 c:/users/shrey/downloads/cygnus-deneb-2-2-0-win/cygnus-deneb-2-2-0-win/cygnus/tools/toolchain/gcc-arm/bin/../lib/gcc/arm-none-eabi/6.3.1/../../../../arm-none-eabi/lib/thumb/v7e-m/fpv4-sp/hard\libc.a(lib_a-impure.o)
                0x200000a0                _impure_ptr
 *fill*         0x200000a4        0x4 
 .data.impure_data
                0x200000a8      0x428 c:/users/shrey/downloads/cygnus-deneb-2-2-0-win/cygnus-deneb-2-2-0-win/cygnus/tools/toolchain/gcc-arm/bin/../lib/gcc/arm-none-eabi/6.3.1/../../../../arm-none-eabi/lib/thumb/v7e-m/fpv4-sp/hard\libc.a(lib_a-impure.o)
                0x200004d0                . = ALIGN (0x4)
                0x200004d0                _edata = .

.igot.plt       0x200004d0        0x0 load address 0x08012bfc
 .igot.plt      0x200004d0        0x0 ./libs\libpluto_0.3.a(startup_stm32f30x_md_gcc.o)
                0x200004d0                . = ALIGN (0x4)

.bss            0x200004d0     0x1a24 load address 0x08012bfc
                0x200004d0                _sbss = .
                0x200004d0                __bss_start__ = _sbss
 *(.bss)
 .bss           0x200004d0      0x2a6 C:\Users\shrey\AppData\Local\Temp\cc3d6Zma.ltrans0.ltrans.o
                0x200004f0                gyroAlign
                0x20000544                acc
                0x20000550                accAlign
                0x20000590                smallAngle
                0x20000594                previousTime
                0x200005a8                _ZL12batteryState.lto_priv.276
                0x200005aa                batteryWarningVoltage
                0x200005ac                batteryCriticalVoltage
                0x200005c4                _ZL8mspPorts.lto_priv.298
                0x2000065e                _ZL13rxRefreshRate.lto_priv.278
                0x200006a4                _ZL12currentMixer.lto_priv.266
                0x20000764                motorControlEnable
                0x20000774                batteryCellCount
                0x20000775                GPIO
 *fill*         0x20000776        0x2 
 .bss           0x20000778      0x140 C:\Users\shrey\AppData\Local\Temp\cc3d6Zma.ltrans1.ltrans.o
 .bss           0x200008b8      0x10b C:\Users\shrey\AppData\Local\Temp\cc3d6Zma.ltrans3.ltrans.o
                0x200008b8                _ZL10rxUpdateAt.lto_priv.239
                0x200008e0                _ZL16rxSignalReceived.lto_priv.224
                0x200008e1                _ZL29rxSignalReceivedNotDataDriven.lto_priv.241
                0x200008e3                _ZL13rcSampleIndex.lto_priv.277
                0x20000960                _ZL8rxConfig.lto_priv.295
                0x20000964                _ZL8disarmAt.lto_priv.220
                0x2000096b                isThrottleStickArmed
                0x2000096c                netAccMagnitude
                0x20000970                calibratingG
                0x20000974                isHeadSet
                0x20000978                rcInvalidPulsPeriod
                0x200009c0                calibratingB
                0x200009c2                isChukedArmed
 *fill*         0x200009c3        0x1 
 .bss           0x200009c4       0x98 C:\Users\shrey\AppData\Local\Temp\cc3d6Zma.ltrans4.ltrans.o
                0x200009c4                _ZL14enabledSensors.lto_priv.210
                0x200009c8                _ZL16activeBoxIdCount.lto_priv.297
                0x200009c9                _ZL12activeBoxIds.lto_priv.296
                0x200009e6                accSmooth
                0x200009ec                gyroADC
                0x200009f2                motor
                0x20000a0a                inclination_generalised
                0x20000a10                heading
                0x20000a14                _ZL6EstAlt.lto_priv.208
                0x20000a18                vario
                0x20000a1c                mAhDrawn
                0x20000a20                rssi
                0x20000a24                amperage
                0x20000a28                _ZL15serialPortCount.lto_priv.311
                0x20000a2c                _ZL19serialPortUsageList.lto_priv.193
 .bss           0x20000a5c       0xb5 C:\Users\shrey\AppData\Local\Temp\cc3d6Zma.ltrans6.ltrans.o
                0x20000a5c                extiHandlerConfigs.lto_priv.312
                0x20000a64                _ZL13mspSerialPort.lto_priv.226
                0x20000a6a                lookupThrottleRC
                0x20000a82                lookupPitchRollRC
                0x20000a90                _ZL10beeperIsOn.lto_priv.231
                0x20000a94                _ZL20beeperNextToggleTime.lto_priv.230
                0x20000a98                _ZL9beeperPos.lto_priv.232
                0x20000a9c                _ZL18currentBeeperEntry.lto_priv.229
                0x20000ab8                usTicks.lto_priv.313
                0x20000abc                cycleTime
                0x20000abe                motorCount
                0x20000ae4                ra_deltaT
                0x20000b04                ra_sum
                0x20000b10                _ZL15warningLedState.lto_priv.228
 *fill*         0x20000b11        0x3 
 .bss           0x20000b14      0x5f9 C:\Users\shrey\AppData\Local\Temp\cc3d6Zma.ltrans7.ltrans.o
                0x20000b14                checksum
                0x20000b18                rxRuntimeConfigPtr.lto_priv.260
                0x20000b1c                rxRuntimeConfig
                0x20000b20                masterConfig
                0x20001058                spek_chan_shift.lto_priv.259
                0x20001059                spek_chan_mask.lto_priv.261
                0x2000105a                spekHiRes.lto_priv.176
                0x2000105c                _ZL17escAndServoConfig.lto_priv.211
                0x20001060                _ZL10pidProfile.lto_priv.212
                0x20001064                _ZL19activeFeaturesLatch.lto_priv.178
                0x20001068                rcData
                0x2000108c                _ZL5uart2.lto_priv.233
                0x20001090                omega_I
                0x2000109c                omega_P
                0x200010a8                omega_yaw_P
                0x200010b4                omega
                0x200010c0                anglerad
                0x200010cc                currentTime
                0x200010d4                compassLastUpdatedAt
                0x200010d8                magADC
                0x200010e0                mag
                0x200010e8                magAlign
                0x200010e9                stateFlags
                0x200010f0                have_initial_yaw
                0x20001104                _ZL7magInit.lto_priv.299
                0x20001108                _ZL5uart3.lto_priv.234
                0x2000110c                UART
 *fill*         0x2000110d        0x3 
 .bss           0x20001110      0x15d C:\Users\shrey\AppData\Local\Temp\cc3d6Zma.ltrans8.ltrans.o
                0x20001110                _ZL15xBusChannelData.lto_priv.175
                0x2000112c                _ZL17xBusFramePosition.lto_priv.286
                0x2000112d                _ZL16xBusDataIncoming.lto_priv.285
                0x2000112e                _ZL9xBusFrame.lto_priv.174
                0x2000114f                _ZL15xBusFrameLength.lto_priv.287
                0x20001150                _ZL12xBusProvider.lto_priv.289
                0x20001154                flipState
                0x20001158                flipStartTime
                0x2000115c                rcModeActivationMask
                0x20001160                VelocityZ
                0x20001164                flipDirection
                0x20001168                stateon
                0x2000116c                inclination
                0x20001178                _ZL13boardRotation.lto_priv.310
                0x2000119c                batteryConfig
                0x200011a0                adcConfig
                0x200011b0                adcValues
                0x200011b8                vbatLatestADC
                0x20001248                vbat
                0x2000124a                InflightcalibratingA
                0x20001264                accADC
                0x2000126a                AccInflightCalibrationActive
                0x2000126b                AccInflightCalibrationMeasurementDone
                0x2000126c                AccInflightCalibrationSavetoEEProm
 *fill*         0x2000126d        0x3 
 .bss           0x20001270       0xc0 C:\Users\shrey\AppData\Local\Temp\cc3d6Zma.ltrans9.ltrans.o
                0x20001290                rcCommand
                0x20001298                PIDweight
                0x2000129c                _ZL10PTermState.lto_priv.204
                0x200012a8                _ZL10errorGyroI.lto_priv.202
                0x200012ba                axisPID
                0x200012c0                _ZL11errorAngleI.lto_priv.203
                0x200012c8                dynP8
                0x200012e0                _ZL10DTermState.lto_priv.205
                0x200012ec                dynD8
                0x20001300                _ZL11errorGyroIf.lto_priv.206
                0x2000130c                _ZL12errorAngleIf.lto_priv.207
                0x2000131c                accZoffsetCalCycle
 .bss           0x20001330      0x108 C:\Users\shrey\AppData\Local\Temp\cc3d6Zma.ltrans10.ltrans.o
                0x20001388                gyro
                0x200013b0                _ZL19initialThrottleHold.lto_priv.223
                0x200013b4                errorVelocityI
                0x200013b8                altHoldThrottleAdjustment
                0x200013c0                baroGroundTemperature
                0x200013c4                baroGroundPressure
                0x2000142c                AltHold
                0x20001430                setVelocity
 .bss           0x20001438      0x2d4 C:\Users\shrey\AppData\Local\Temp\cc3d6Zma.ltrans11.ltrans.o
                0x20001438                _ZL8ms5611_c.lto_priv.300
                0x20001448                currentControlRateProfile
                0x2000144c                lookupYawRC
                0x2000145c                currentProfile
                0x20001460                _ZL30currentControlRateProfileIndex.lto_priv.213
                0x20001464                _ZL8rxConfig.lto_priv.167
                0x20001468                adjustmentStates
                0x20001498                _ZL10gyroConfig.lto_priv.235
                0x2000149c                _ZL14failsafeConfig.lto_priv.215
                0x200014a0                _ZL13failsafeState.lto_priv.179
                0x200014c4                crashTimer
                0x200014cc                _ZL17accelerationTrims.lto_priv.172
                0x200014d0                _ZL14flight3DConfig.lto_priv.222
                0x200014d4                _ZL17escAndServoConfig.lto_priv.165
                0x200014d8                _ZL11mixerConfig.lto_priv.221
                0x200014dc                _ZL8rxConfig.lto_priv.166
                0x200014f0                _ZL16imuRuntimeConfig.lto_priv.197
                0x200014f4                _ZL11accDeadband.lto_priv.198
                0x200014f8                throttleAngleScale
                0x200014fc                _ZL10pidProfile.lto_priv.158
                0x20001500                _ZL16rcControlsConfig.lto_priv.162
                0x20001504                _ZL17escAndServoConfig.lto_priv.164
                0x20001508                _ZL8_updated.lto_priv.236
                0x2000150c                temperatureSum
                0x20001510                temperatureCount
                0x20001514                _ZL11pressureSum.lto_priv.237
                0x20001518                _ZL13pressureCount.lto_priv.238
                0x2000151c                baroTemperature
                0x20001520                baroPressure
                0x20001524                baro
                0x2000153c                sysTickUptime.lto_priv.171
                0x20001540                _ZL12_last_update.lto_priv.209
                0x2000154c                timerConfig
                0x20001664                uartPort2.lto_priv.169
                0x200016b8                uartPort1.lto_priv.168
 .bss           0x2000170c      0x158 C:\Users\shrey\AppData\Local\Temp\cc3d6Zma.ltrans12.ltrans.o
                0x2000170c                _ZL8captures.lto_priv.177
                0x20001724                ppmDev
                0x2000176c                _ZL13ppmFrameCount.lto_priv.243
                0x20001770                _ZL6motors.lto_priv.195
                0x200017a0                _ZL18inputFilteringMode.lto_priv.273
 .bss           0x20001864      0x199 C:\Users\shrey\AppData\Local\Temp\cc3d6Zma.ltrans13.ltrans.o
                0x20001864                spekChannelData.lto_priv.262
                0x20001894                sumhChannels.lto_priv.248
                0x200018b4                sumdChannels.lto_priv.253
                0x200018d4                sbusChannelData.lto_priv.256
                0x20001945                spekFrame.lto_priv.258
                0x20001955                rcFrameComplete.lto_priv.257
                0x2000195d                sumhFrame.lto_priv.247
                0x20001972                sumhFrameDone.lto_priv.246
                0x20001979                sumdFrameDone.lto_priv.249
                0x2000197a                crc.lto_priv.250
                0x2000197c                sumdChannelCount.lto_priv.251
                0x2000197d                sumd.lto_priv.252
                0x200019a9                sbusFrame.lto_priv.255
                0x200019c2                sbusFrameDone.lto_priv.254
                0x200019c3                _ZL16xBusChannelCount.lto_priv.288
                0x200019c4                _ZL17xBusFrameReceived.lto_priv.245
                0x200019c8                _ZL20suspendRxSignalUntil.lto_priv.217
                0x200019cc                _ZL13skipRxSamples.lto_priv.216
                0x200019d0                _ZL11currentPort.lto_priv.189
                0x200019d4                armingFlags
                0x200019d6                magHold
                0x200019d8                rxMspFrameDone.lto_priv.244
                0x200019da                motor_disarmed
                0x200019f2                isLanding
                0x200019f3                current_command
                0x200019f4                calibratingA
                0x200019f8                _ZL12serialConfig.lto_priv.194
                0x200019fc                _ZL17isRebootScheduled.lto_priv.227
 *fill*         0x200019fd        0x3 
 .bss           0x20001a00       0xe8 C:\Users\shrey\AppData\Local\Temp\cc3d6Zma.ltrans14.ltrans.o
                0x20001a00                i2c1ErrorCount.lto_priv.187
                0x20001a02                i2c2ErrorCount.lto_priv.188
                0x20001a04                mpuConfiguration
                0x20001a14                _ZL16mpuIntExtiConfig.lto_priv.306
                0x20001a1c                I2Cx.lto_priv.186
                0x20001a24                new_position
                0x20001a48                accSum
                0x20001a54                accSumXYZ
                0x20001a60                accSumCountXYZ
                0x20001a64                accTimeSum
                0x20001ab0                accVelScale
                0x20001ab4                k3
                0x20001ab8                k2
                0x20001abc                k1
                0x20001ada                VelocityX
                0x20001adc                VelocityY
                0x20001ade                posZ
                0x20001ae0                posY
                0x20001ae2                posX
                0x20001ae4                accSumCount
 .bss           0x20001ae8      0x400 C:\Users\shrey\AppData\Local\Temp\cc3d6Zma.ltrans15.ltrans.o
 .bss           0x20001ee8        0x4 C:\Users\shrey\AppData\Local\Temp\cc3d6Zma.ltrans17.ltrans.o
                0x20001ee8                flightIndicatorFlag
                0x20001eea                flightModeFlags
 .bss           0x20001eec        0x2 C:\Users\shrey\AppData\Local\Temp\cc3d6Zma.ltrans18.ltrans.o
                0x20001eec                isCalibrated
                0x20001eed                _ZL12isBatteryLow.lto_priv.225
 *(SORT(.bss*))
 *(COMMON)
 *fill*         0x20001eee        0x2 
 COMMON         0x20001ef0        0x4 c:/users/shrey/downloads/cygnus-deneb-2-2-0-win/cygnus-deneb-2-2-0-win/cygnus/tools/toolchain/gcc-arm/bin/../lib/gcc/arm-none-eabi/6.3.1/../../../../arm-none-eabi/lib/thumb/v7e-m/fpv4-sp/hard\libg.a(lib_a-reent.o)
                0x20001ef0                errno
                0x20001ef4                . = ALIGN (0x4)
                0x20001ef4                _ebss = .
                0x20001ef4                __bss_end__ = _ebss

._user_heap_stack
                0x20001ef4      0x400 load address 0x08012bfc
                0x20001ef4                . = ALIGN (0x4)
                0x20001ef4                PROVIDE (end, .)
                [!provide]                PROVIDE (_end, .)
                0x20001ef4                . = (. + _Min_Heap_Size)
                0x200022f4                . = (. + _Min_Stack_Size)
 *fill*         0x20001ef4      0x400 
                0x200022f4                . = ALIGN (0x4)

.memory_b1_text
 *(.mb1text)
 *(.mb1text*)
 *(.mb1rodata)
 *(.mb1rodata*)

/DISCARD/
 libc.a(*)
 libm.a(*)
 libgcc.a(*)

.ARM.attributes
                0x00000000       0x37
 *(.ARM.attributes)
 .ARM.attributes
                0x00000000       0x37 C:\Users\shrey\AppData\Local\Temp\cc3d6Zma.ltrans0.ltrans.o
 .ARM.attributes
                0x00000037       0x37 C:\Users\shrey\AppData\Local\Temp\cc3d6Zma.ltrans1.ltrans.o
 .ARM.attributes
                0x0000006e       0x37 C:\Users\shrey\AppData\Local\Temp\cc3d6Zma.ltrans3.ltrans.o
 .ARM.attributes
                0x000000a5       0x37 C:\Users\shrey\AppData\Local\Temp\cc3d6Zma.ltrans4.ltrans.o
 .ARM.attributes
                0x000000dc       0x37 C:\Users\shrey\AppData\Local\Temp\cc3d6Zma.ltrans5.ltrans.o
 .ARM.attributes
                0x00000113       0x37 C:\Users\shrey\AppData\Local\Temp\cc3d6Zma.ltrans6.ltrans.o
 .ARM.attributes
                0x0000014a       0x37 C:\Users\shrey\AppData\Local\Temp\cc3d6Zma.ltrans7.ltrans.o
 .ARM.attributes
                0x00000181       0x37 C:\Users\shrey\AppData\Local\Temp\cc3d6Zma.ltrans8.ltrans.o
 .ARM.attributes
                0x000001b8       0x37 C:\Users\shrey\AppData\Local\Temp\cc3d6Zma.ltrans9.ltrans.o
 .ARM.attributes
                0x000001ef       0x37 C:\Users\shrey\AppData\Local\Temp\cc3d6Zma.ltrans10.ltrans.o
 .ARM.attributes
                0x00000226       0x37 C:\Users\shrey\AppData\Local\Temp\cc3d6Zma.ltrans11.ltrans.o
 .ARM.attributes
                0x0000025d       0x37 C:\Users\shrey\AppData\Local\Temp\cc3d6Zma.ltrans12.ltrans.o
 .ARM.attributes
                0x00000294       0x37 C:\Users\shrey\AppData\Local\Temp\cc3d6Zma.ltrans13.ltrans.o
 .ARM.attributes
                0x000002cb       0x37 C:\Users\shrey\AppData\Local\Temp\cc3d6Zma.ltrans14.ltrans.o
 .ARM.attributes
                0x00000302       0x37 C:\Users\shrey\AppData\Local\Temp\cc3d6Zma.ltrans15.ltrans.o
 .ARM.attributes
                0x00000339       0x37 C:\Users\shrey\AppData\Local\Temp\cc3d6Zma.ltrans16.ltrans.o
 .ARM.attributes
                0x00000370       0x37 C:\Users\shrey\AppData\Local\Temp\cc3d6Zma.ltrans17.ltrans.o
 .ARM.attributes
                0x000003a7       0x37 C:\Users\shrey\AppData\Local\Temp\cc3d6Zma.ltrans18.ltrans.o
 .ARM.attributes
                0x000003de       0x37 C:\Users\shrey\AppData\Local\Temp\cc3d6Zma.ltrans19.ltrans.o
 .ARM.attributes
                0x00000415       0x21 ./libs\libpluto_0.3.a(startup_stm32f30x_md_gcc.o)
 .ARM.attributes
                0x00000436       0x34 c:/users/shrey/downloads/cygnus-deneb-2-2-0-win/cygnus-deneb-2-2-0-win/cygnus/tools/toolchain/gcc-arm/bin/../lib/gcc/arm-none-eabi/6.3.1/../../../../arm-none-eabi/lib/thumb/v7e-m/fpv4-sp/hard\libm.a(lib_a-sf_cos.o)
 .ARM.attributes
                0x0000046a       0x34 c:/users/shrey/downloads/cygnus-deneb-2-2-0-win/cygnus-deneb-2-2-0-win/cygnus/tools/toolchain/gcc-arm/bin/../lib/gcc/arm-none-eabi/6.3.1/../../../../arm-none-eabi/lib/thumb/v7e-m/fpv4-sp/hard\libm.a(lib_a-sf_lrint.o)
 .ARM.attributes
                0x0000049e       0x34 c:/users/shrey/downloads/cygnus-deneb-2-2-0-win/cygnus-deneb-2-2-0-win/cygnus/tools/toolchain/gcc-arm/bin/../lib/gcc/arm-none-eabi/6.3.1/../../../../arm-none-eabi/lib/thumb/v7e-m/fpv4-sp/hard\libm.a(lib_a-sf_sin.o)
 .ARM.attributes
                0x000004d2       0x34 c:/users/shrey/downloads/cygnus-deneb-2-2-0-win/cygnus-deneb-2-2-0-win/cygnus/tools/toolchain/gcc-arm/bin/../lib/gcc/arm-none-eabi/6.3.1/../../../../arm-none-eabi/lib/thumb/v7e-m/fpv4-sp/hard\libm.a(lib_a-wf_acos.o)
 .ARM.attributes
                0x00000506       0x34 c:/users/shrey/downloads/cygnus-deneb-2-2-0-win/cygnus-deneb-2-2-0-win/cygnus/tools/toolchain/gcc-arm/bin/../lib/gcc/arm-none-eabi/6.3.1/../../../../arm-none-eabi/lib/thumb/v7e-m/fpv4-sp/hard\libm.a(lib_a-wf_asin.o)
 .ARM.attributes
                0x0000053a       0x34 c:/users/shrey/downloads/cygnus-deneb-2-2-0-win/cygnus-deneb-2-2-0-win/cygnus/tools/toolchain/gcc-arm/bin/../lib/gcc/arm-none-eabi/6.3.1/../../../../arm-none-eabi/lib/thumb/v7e-m/fpv4-sp/hard\libm.a(lib_a-wf_atan2.o)
 .ARM.attributes
                0x0000056e       0x34 c:/users/shrey/downloads/cygnus-deneb-2-2-0-win/cygnus-deneb-2-2-0-win/cygnus/tools/toolchain/gcc-arm/bin/../lib/gcc/arm-none-eabi/6.3.1/../../../../arm-none-eabi/lib/thumb/v7e-m/fpv4-sp/hard\libm.a(lib_a-wf_log.o)
 .ARM.attributes
                0x000005a2       0x34 c:/users/shrey/downloads/cygnus-deneb-2-2-0-win/cygnus-deneb-2-2-0-win/cygnus/tools/toolchain/gcc-arm/bin/../lib/gcc/arm-none-eabi/6.3.1/../../../../arm-none-eabi/lib/thumb/v7e-m/fpv4-sp/hard\libm.a(lib_a-wf_sqrt.o)
 .ARM.attributes
                0x000005d6       0x34 c:/users/shrey/downloads/cygnus-deneb-2-2-0-win/cygnus-deneb-2-2-0-win/cygnus/tools/toolchain/gcc-arm/bin/../lib/gcc/arm-none-eabi/6.3.1/../../../../arm-none-eabi/lib/thumb/v7e-m/fpv4-sp/hard\libm.a(lib_a-ef_acos.o)
 .ARM.attributes
                0x0000060a       0x34 c:/users/shrey/downloads/cygnus-deneb-2-2-0-win/cygnus-deneb-2-2-0-win/cygnus/tools/toolchain/gcc-arm/bin/../lib/gcc/arm-none-eabi/6.3.1/../../../../arm-none-eabi/lib/thumb/v7e-m/fpv4-sp/hard\libm.a(lib_a-ef_asin.o)
 .ARM.attributes
                0x0000063e       0x34 c:/users/shrey/downloads/cygnus-deneb-2-2-0-win/cygnus-deneb-2-2-0-win/cygnus/tools/toolchain/gcc-arm/bin/../lib/gcc/arm-none-eabi/6.3.1/../../../../arm-none-eabi/lib/thumb/v7e-m/fpv4-sp/hard\libm.a(lib_a-ef_atan2.o)
 .ARM.attributes
                0x00000672       0x34 c:/users/shrey/downloads/cygnus-deneb-2-2-0-win/cygnus-deneb-2-2-0-win/cygnus/tools/toolchain/gcc-arm/bin/../lib/gcc/arm-none-eabi/6.3.1/../../../../arm-none-eabi/lib/thumb/v7e-m/fpv4-sp/hard\libm.a(lib_a-ef_log.o)
 .ARM.attributes
                0x000006a6       0x34 c:/users/shrey/downloads/cygnus-deneb-2-2-0-win/cygnus-deneb-2-2-0-win/cygnus/tools/toolchain/gcc-arm/bin/../lib/gcc/arm-none-eabi/6.3.1/../../../../arm-none-eabi/lib/thumb/v7e-m/fpv4-sp/hard\libm.a(lib_a-ef_rem_pio2.o)
 .ARM.attributes
                0x000006da       0x34 c:/users/shrey/downloads/cygnus-deneb-2-2-0-win/cygnus-deneb-2-2-0-win/cygnus/tools/toolchain/gcc-arm/bin/../lib/gcc/arm-none-eabi/6.3.1/../../../../arm-none-eabi/lib/thumb/v7e-m/fpv4-sp/hard\libm.a(lib_a-ef_sqrt.o)
 .ARM.attributes
                0x0000070e       0x34 c:/users/shrey/downloads/cygnus-deneb-2-2-0-win/cygnus-deneb-2-2-0-win/cygnus/tools/toolchain/gcc-arm/bin/../lib/gcc/arm-none-eabi/6.3.1/../../../../arm-none-eabi/lib/thumb/v7e-m/fpv4-sp/hard\libm.a(lib_a-kf_cos.o)
 .ARM.attributes
                0x00000742       0x34 c:/users/shrey/downloads/cygnus-deneb-2-2-0-win/cygnus-deneb-2-2-0-win/cygnus/tools/toolchain/gcc-arm/bin/../lib/gcc/arm-none-eabi/6.3.1/../../../../arm-none-eabi/lib/thumb/v7e-m/fpv4-sp/hard\libm.a(lib_a-kf_rem_pio2.o)
 .ARM.attributes
                0x00000776       0x34 c:/users/shrey/downloads/cygnus-deneb-2-2-0-win/cygnus-deneb-2-2-0-win/cygnus/tools/toolchain/gcc-arm/bin/../lib/gcc/arm-none-eabi/6.3.1/../../../../arm-none-eabi/lib/thumb/v7e-m/fpv4-sp/hard\libm.a(lib_a-kf_sin.o)
 .ARM.attributes
                0x000007aa       0x34 c:/users/shrey/downloads/cygnus-deneb-2-2-0-win/cygnus-deneb-2-2-0-win/cygnus/tools/toolchain/gcc-arm/bin/../lib/gcc/arm-none-eabi/6.3.1/../../../../arm-none-eabi/lib/thumb/v7e-m/fpv4-sp/hard\libm.a(lib_a-s_lib_ver.o)
 .ARM.attributes
                0x000007de       0x34 c:/users/shrey/downloads/cygnus-deneb-2-2-0-win/cygnus-deneb-2-2-0-win/cygnus/tools/toolchain/gcc-arm/bin/../lib/gcc/arm-none-eabi/6.3.1/../../../../arm-none-eabi/lib/thumb/v7e-m/fpv4-sp/hard\libm.a(lib_a-s_matherr.o)
 .ARM.attributes
                0x00000812       0x34 c:/users/shrey/downloads/cygnus-deneb-2-2-0-win/cygnus-deneb-2-2-0-win/cygnus/tools/toolchain/gcc-arm/bin/../lib/gcc/arm-none-eabi/6.3.1/../../../../arm-none-eabi/lib/thumb/v7e-m/fpv4-sp/hard\libm.a(lib_a-s_nan.o)
 .ARM.attributes
                0x00000846       0x34 c:/users/shrey/downloads/cygnus-deneb-2-2-0-win/cygnus-deneb-2-2-0-win/cygnus/tools/toolchain/gcc-arm/bin/../lib/gcc/arm-none-eabi/6.3.1/../../../../arm-none-eabi/lib/thumb/v7e-m/fpv4-sp/hard\libm.a(lib_a-sf_atan.o)
 .ARM.attributes
                0x0000087a       0x34 c:/users/shrey/downloads/cygnus-deneb-2-2-0-win/cygnus-deneb-2-2-0-win/cygnus/tools/toolchain/gcc-arm/bin/../lib/gcc/arm-none-eabi/6.3.1/../../../../arm-none-eabi/lib/thumb/v7e-m/fpv4-sp/hard\libm.a(lib_a-sf_fabs.o)
 .ARM.attributes
                0x000008ae       0x34 c:/users/shrey/downloads/cygnus-deneb-2-2-0-win/cygnus-deneb-2-2-0-win/cygnus/tools/toolchain/gcc-arm/bin/../lib/gcc/arm-none-eabi/6.3.1/../../../../arm-none-eabi/lib/thumb/v7e-m/fpv4-sp/hard\libm.a(lib_a-sf_floor.o)
 .ARM.attributes
                0x000008e2       0x34 c:/users/shrey/downloads/cygnus-deneb-2-2-0-win/cygnus-deneb-2-2-0-win/cygnus/tools/toolchain/gcc-arm/bin/../lib/gcc/arm-none-eabi/6.3.1/../../../../arm-none-eabi/lib/thumb/v7e-m/fpv4-sp/hard\libm.a(lib_a-sf_scalbn.o)
 .ARM.attributes
                0x00000916       0x34 c:/users/shrey/downloads/cygnus-deneb-2-2-0-win/cygnus-deneb-2-2-0-win/cygnus/tools/toolchain/gcc-arm/bin/../lib/gcc/arm-none-eabi/6.3.1/../../../../arm-none-eabi/lib/thumb/v7e-m/fpv4-sp/hard\libm.a(lib_a-sf_copysign.o)
 .ARM.attributes
                0x0000094a       0x34 c:/users/shrey/downloads/cygnus-deneb-2-2-0-win/cygnus-deneb-2-2-0-win/cygnus/tools/toolchain/gcc-arm/bin/../lib/gcc/arm-none-eabi/6.3.1/../../../../arm-none-eabi/lib/thumb/v7e-m/fpv4-sp/hard\libc.a(lib_a-errno.o)
 .ARM.attributes
                0x0000097e       0x34 c:/users/shrey/downloads/cygnus-deneb-2-2-0-win/cygnus-deneb-2-2-0-win/cygnus/tools/toolchain/gcc-arm/bin/../lib/gcc/arm-none-eabi/6.3.1/../../../../arm-none-eabi/lib/thumb/v7e-m/fpv4-sp/hard\libc.a(lib_a-impure.o)
 .ARM.attributes
                0x000009b2       0x20 c:/users/shrey/downloads/cygnus-deneb-2-2-0-win/cygnus-deneb-2-2-0-win/cygnus/tools/toolchain/gcc-arm/bin/../lib/gcc/arm-none-eabi/6.3.1/../../../../arm-none-eabi/lib/thumb/v7e-m/fpv4-sp/hard\libc.a(lib_a-memcpy.o)
 .ARM.attributes
                0x000009d2       0x34 c:/users/shrey/downloads/cygnus-deneb-2-2-0-win/cygnus-deneb-2-2-0-win/cygnus/tools/toolchain/gcc-arm/bin/../lib/gcc/arm-none-eabi/6.3.1/../../../../arm-none-eabi/lib/thumb/v7e-m/fpv4-sp/hard\libc.a(lib_a-memset.o)
 .ARM.attributes
                0x00000a06       0x34 c:/users/shrey/downloads/cygnus-deneb-2-2-0-win/cygnus-deneb-2-2-0-win/cygnus/tools/toolchain/gcc-arm/bin/../lib/gcc/arm-none-eabi/6.3.1/../../../../arm-none-eabi/lib/thumb/v7e-m/fpv4-sp/hard\libc.a(lib_a-strchr.o)
 .ARM.attributes
                0x00000a3a       0x20 c:/users/shrey/downloads/cygnus-deneb-2-2-0-win/cygnus-deneb-2-2-0-win/cygnus/tools/toolchain/gcc-arm/bin/../lib/gcc/arm-none-eabi/6.3.1/../../../../arm-none-eabi/lib/thumb/v7e-m/fpv4-sp/hard\libc.a(lib_a-strlen.o)
 .ARM.attributes
                0x00000a5a       0x22 c:/users/shrey/downloads/cygnus-deneb-2-2-0-win/cygnus-deneb-2-2-0-win/cygnus/tools/toolchain/gcc-arm/bin/../lib/gcc/arm-none-eabi/6.3.1/thumb/v7e-m/fpv4-sp/hard\libgcc.a(_ashrdi3.o)
 .ARM.attributes
                0x00000a7c       0x22 c:/users/shrey/downloads/cygnus-deneb-2-2-0-win/cygnus-deneb-2-2-0-win/cygnus/tools/toolchain/gcc-arm/bin/../lib/gcc/arm-none-eabi/6.3.1/thumb/v7e-m/fpv4-sp/hard\libgcc.a(_arm_addsubdf3.o)
 .ARM.attributes
                0x00000a9e       0x22 c:/users/shrey/downloads/cygnus-deneb-2-2-0-win/cygnus-deneb-2-2-0-win/cygnus/tools/toolchain/gcc-arm/bin/../lib/gcc/arm-none-eabi/6.3.1/thumb/v7e-m/fpv4-sp/hard\libgcc.a(_arm_muldivdf3.o)
 .ARM.attributes
                0x00000ac0       0x22 c:/users/shrey/downloads/cygnus-deneb-2-2-0-win/cygnus-deneb-2-2-0-win/cygnus/tools/toolchain/gcc-arm/bin/../lib/gcc/arm-none-eabi/6.3.1/thumb/v7e-m/fpv4-sp/hard\libgcc.a(_arm_cmpdf2.o)
 .ARM.attributes
                0x00000ae2       0x22 c:/users/shrey/downloads/cygnus-deneb-2-2-0-win/cygnus-deneb-2-2-0-win/cygnus/tools/toolchain/gcc-arm/bin/../lib/gcc/arm-none-eabi/6.3.1/thumb/v7e-m/fpv4-sp/hard\libgcc.a(_arm_unorddf2.o)
 .ARM.attributes
                0x00000b04       0x22 c:/users/shrey/downloads/cygnus-deneb-2-2-0-win/cygnus-deneb-2-2-0-win/cygnus/tools/toolchain/gcc-arm/bin/../lib/gcc/arm-none-eabi/6.3.1/thumb/v7e-m/fpv4-sp/hard\libgcc.a(_arm_fixunsdfsi.o)
 .ARM.attributes
                0x00000b26       0x22 c:/users/shrey/downloads/cygnus-deneb-2-2-0-win/cygnus-deneb-2-2-0-win/cygnus/tools/toolchain/gcc-arm/bin/../lib/gcc/arm-none-eabi/6.3.1/thumb/v7e-m/fpv4-sp/hard\libgcc.a(_arm_truncdfsf2.o)
 .ARM.attributes
                0x00000b48       0x22 c:/users/shrey/downloads/cygnus-deneb-2-2-0-win/cygnus-deneb-2-2-0-win/cygnus/tools/toolchain/gcc-arm/bin/../lib/gcc/arm-none-eabi/6.3.1/thumb/v7e-m/fpv4-sp/hard\libgcc.a(_aeabi_ldivmod.o)
 .ARM.attributes
                0x00000b6a       0x34 c:/users/shrey/downloads/cygnus-deneb-2-2-0-win/cygnus-deneb-2-2-0-win/cygnus/tools/toolchain/gcc-arm/bin/../lib/gcc/arm-none-eabi/6.3.1/thumb/v7e-m/fpv4-sp/hard\libgcc.a(_fixsfdi.o)
 .ARM.attributes
                0x00000b9e       0x34 c:/users/shrey/downloads/cygnus-deneb-2-2-0-win/cygnus-deneb-2-2-0-win/cygnus/tools/toolchain/gcc-arm/bin/../lib/gcc/arm-none-eabi/6.3.1/thumb/v7e-m/fpv4-sp/hard\libgcc.a(_fixunssfdi.o)
 .ARM.attributes
                0x00000bd2       0x34 c:/users/shrey/downloads/cygnus-deneb-2-2-0-win/cygnus-deneb-2-2-0-win/cygnus/tools/toolchain/gcc-arm/bin/../lib/gcc/arm-none-eabi/6.3.1/thumb/v7e-m/fpv4-sp/hard\libgcc.a(_udivmoddi4.o)
 .ARM.attributes
                0x00000c06       0x22 c:/users/shrey/downloads/cygnus-deneb-2-2-0-win/cygnus-deneb-2-2-0-win/cygnus/tools/toolchain/gcc-arm/bin/../lib/gcc/arm-none-eabi/6.3.1/thumb/v7e-m/fpv4-sp/hard\libgcc.a(_dvmd_tls.o)
OUTPUT(obj/Experience_PLUTO12.elf elf32-littlearm)

.debug_info     0x00000000    0x29292
 .debug_info    0x00000000     0x49d2 C:\Users\shrey\AppData\Local\Temp\cc3d6Zma.ltrans0.ltrans.o
 .debug_info    0x000049d2     0x6754 C:\Users\shrey\AppData\Local\Temp\cc3d6Zma.ltrans1.ltrans.o
 .debug_info    0x0000b126     0x1eef C:\Users\shrey\AppData\Local\Temp\cc3d6Zma.ltrans3.ltrans.o
 .debug_info    0x0000d015     0x141b C:\Users\shrey\AppData\Local\Temp\cc3d6Zma.ltrans4.ltrans.o
 .debug_info    0x0000e430     0x2e18 C:\Users\shrey\AppData\Local\Temp\cc3d6Zma.ltrans5.ltrans.o
 .debug_info    0x00011248     0x20d5 C:\Users\shrey\AppData\Local\Temp\cc3d6Zma.ltrans6.ltrans.o
 .debug_info    0x0001331d     0x45ea C:\Users\shrey\AppData\Local\Temp\cc3d6Zma.ltrans7.ltrans.o
 .debug_info    0x00017907     0x1005 C:\Users\shrey\AppData\Local\Temp\cc3d6Zma.ltrans8.ltrans.o
 .debug_info    0x0001890c     0x1456 C:\Users\shrey\AppData\Local\Temp\cc3d6Zma.ltrans9.ltrans.o
 .debug_info    0x00019d62     0x14a6 C:\Users\shrey\AppData\Local\Temp\cc3d6Zma.ltrans10.ltrans.o
 .debug_info    0x0001b208     0x36e4 C:\Users\shrey\AppData\Local\Temp\cc3d6Zma.ltrans11.ltrans.o
 .debug_info    0x0001e8ec     0x2a62 C:\Users\shrey\AppData\Local\Temp\cc3d6Zma.ltrans12.ltrans.o
 .debug_info    0x0002134e     0x1a3c C:\Users\shrey\AppData\Local\Temp\cc3d6Zma.ltrans13.ltrans.o
 .debug_info    0x00022d8a     0x1757 C:\Users\shrey\AppData\Local\Temp\cc3d6Zma.ltrans14.ltrans.o
 .debug_info    0x000244e1     0x1902 C:\Users\shrey\AppData\Local\Temp\cc3d6Zma.ltrans15.ltrans.o
 .debug_info    0x00025de3     0x1dc4 C:\Users\shrey\AppData\Local\Temp\cc3d6Zma.ltrans16.ltrans.o
 .debug_info    0x00027ba7     0x137c C:\Users\shrey\AppData\Local\Temp\cc3d6Zma.ltrans17.ltrans.o
 .debug_info    0x00028f23      0x292 C:\Users\shrey\AppData\Local\Temp\cc3d6Zma.ltrans18.ltrans.o
 .debug_info    0x000291b5       0xdd C:\Users\shrey\AppData\Local\Temp\cc3d6Zma.ltrans19.ltrans.o

.debug_abbrev   0x00000000     0x4eb9
 .debug_abbrev  0x00000000      0x5dd C:\Users\shrey\AppData\Local\Temp\cc3d6Zma.ltrans0.ltrans.o
 .debug_abbrev  0x000005dd      0x4da C:\Users\shrey\AppData\Local\Temp\cc3d6Zma.ltrans1.ltrans.o
 .debug_abbrev  0x00000ab7      0x34b C:\Users\shrey\AppData\Local\Temp\cc3d6Zma.ltrans3.ltrans.o
 .debug_abbrev  0x00000e02      0x388 C:\Users\shrey\AppData\Local\Temp\cc3d6Zma.ltrans4.ltrans.o
 .debug_abbrev  0x0000118a      0x3f8 C:\Users\shrey\AppData\Local\Temp\cc3d6Zma.ltrans5.ltrans.o
 .debug_abbrev  0x00001582      0x5f8 C:\Users\shrey\AppData\Local\Temp\cc3d6Zma.ltrans6.ltrans.o
 .debug_abbrev  0x00001b7a      0x5bf C:\Users\shrey\AppData\Local\Temp\cc3d6Zma.ltrans7.ltrans.o
 .debug_abbrev  0x00002139      0x430 C:\Users\shrey\AppData\Local\Temp\cc3d6Zma.ltrans8.ltrans.o
 .debug_abbrev  0x00002569      0x351 C:\Users\shrey\AppData\Local\Temp\cc3d6Zma.ltrans9.ltrans.o
 .debug_abbrev  0x000028ba      0x3f8 C:\Users\shrey\AppData\Local\Temp\cc3d6Zma.ltrans10.ltrans.o
 .debug_abbrev  0x00002cb2      0x651 C:\Users\shrey\AppData\Local\Temp\cc3d6Zma.ltrans11.ltrans.o
 .debug_abbrev  0x00003303      0x4cf C:\Users\shrey\AppData\Local\Temp\cc3d6Zma.ltrans12.ltrans.o
 .debug_abbrev  0x000037d2      0x4bf C:\Users\shrey\AppData\Local\Temp\cc3d6Zma.ltrans13.ltrans.o
 .debug_abbrev  0x00003c91      0x46a C:\Users\shrey\AppData\Local\Temp\cc3d6Zma.ltrans14.ltrans.o
 .debug_abbrev  0x000040fb      0x42b C:\Users\shrey\AppData\Local\Temp\cc3d6Zma.ltrans15.ltrans.o
 .debug_abbrev  0x00004526      0x358 C:\Users\shrey\AppData\Local\Temp\cc3d6Zma.ltrans16.ltrans.o
 .debug_abbrev  0x0000487e      0x47b C:\Users\shrey\AppData\Local\Temp\cc3d6Zma.ltrans17.ltrans.o
 .debug_abbrev  0x00004cf9      0x14f C:\Users\shrey\AppData\Local\Temp\cc3d6Zma.ltrans18.ltrans.o
 .debug_abbrev  0x00004e48       0x71 C:\Users\shrey\AppData\Local\Temp\cc3d6Zma.ltrans19.ltrans.o

.debug_loc      0x00000000    0x146bd
 .debug_loc     0x00000000     0x2425 C:\Users\shrey\AppData\Local\Temp\cc3d6Zma.ltrans0.ltrans.o
 .debug_loc     0x00002425     0x1e3d C:\Users\shrey\AppData\Local\Temp\cc3d6Zma.ltrans1.ltrans.o
 .debug_loc     0x00004262     0x11c2 C:\Users\shrey\AppData\Local\Temp\cc3d6Zma.ltrans3.ltrans.o
 .debug_loc     0x00005424      0xcb1 C:\Users\shrey\AppData\Local\Temp\cc3d6Zma.ltrans4.ltrans.o
 .debug_loc     0x000060d5     0x2d27 C:\Users\shrey\AppData\Local\Temp\cc3d6Zma.ltrans5.ltrans.o
 .debug_loc     0x00008dfc      0xe89 C:\Users\shrey\AppData\Local\Temp\cc3d6Zma.ltrans6.ltrans.o
 .debug_loc     0x00009c85     0x1642 C:\Users\shrey\AppData\Local\Temp\cc3d6Zma.ltrans7.ltrans.o
 .debug_loc     0x0000b2c7      0x795 C:\Users\shrey\AppData\Local\Temp\cc3d6Zma.ltrans8.ltrans.o
 .debug_loc     0x0000ba5c     0x1414 C:\Users\shrey\AppData\Local\Temp\cc3d6Zma.ltrans9.ltrans.o
 .debug_loc     0x0000ce70      0xfaa C:\Users\shrey\AppData\Local\Temp\cc3d6Zma.ltrans10.ltrans.o
 .debug_loc     0x0000de1a      0xa69 C:\Users\shrey\AppData\Local\Temp\cc3d6Zma.ltrans11.ltrans.o
 .debug_loc     0x0000e883     0x16b7 C:\Users\shrey\AppData\Local\Temp\cc3d6Zma.ltrans12.ltrans.o
 .debug_loc     0x0000ff3a      0x891 C:\Users\shrey\AppData\Local\Temp\cc3d6Zma.ltrans13.ltrans.o
 .debug_loc     0x000107cb      0xfaa C:\Users\shrey\AppData\Local\Temp\cc3d6Zma.ltrans14.ltrans.o